LDCP game log
Version proto-0.10.5.30, started 2026-10-05 12:20:32.
Times are game time (h:mm:ss). Shares are of game time.

== Tuning ==
Game: starting_coins=50 starting_dwarves=4 starting_stock=[10 Gruel, 10 Grog] starting_food_seconds=180.0 walk_speed=24.0 ladder_speed=8.0 lift_speed=64.0 base_work_rate=1.0 carry_capacity=5 eat_seconds=4.0 manual_work_per_click=0.5 hand_capacity=50 hire_cost=40 hire_cost_growth=20 lift_cost=150
Mine level 1: size_cells=(256, 36) landing_row=4 landing_half_width=2 noise_seed=7 dirt_rows=6 dirt_edge_rows=2.5 dirt_work=2.0 rock_work=5.0 straight_start_columns=6 branch_straight_columns=2 branch_gap_rows=3 slope_chance=0.1 fork_chance=0.04 max_heads=5

== Crops ==
Potato: produce=Potato yield_count=2 seed_cost=1 unlock=- water_work=1.0 harvest_work=1.5 grow_seconds=90.0 watered_seconds=30.0
Barley: produce=Barley yield_count=2 seed_cost=1 unlock=- water_work=1.0 harvest_work=1.5 grow_seconds=120.0 watered_seconds=30.0
Carrot: produce=Carrot yield_count=2 seed_cost=1 unlock=(harvested 20, then 15 coins) water_work=1.0 harvest_work=1.5 grow_seconds=60.0 watered_seconds=30.0
Onion: produce=Onion yield_count=2 seed_cost=1 unlock=(meals_made 15, then 30 coins) water_work=1.0 harvest_work=1.5 grow_seconds=150.0 watered_seconds=30.0
Radish: produce=Radish yield_count=2 seed_cost=1 unlock=(harvested 40, then 25 coins) water_work=1.0 harvest_work=1.5 grow_seconds=70.0 watered_seconds=30.0
Wheat: produce=Wheat yield_count=2 seed_cost=1 unlock=(drinks_made 10, then 40 coins) water_work=1.0 harvest_work=1.5 grow_seconds=120.0 watered_seconds=30.0

== Items ==
Potato: sell_price=1 buy_price=0
Barley: sell_price=1 buy_price=0
Carrot: sell_price=1 buy_price=0
Onion: sell_price=2 buy_price=0
Radish: sell_price=1 buy_price=0
Wheat: sell_price=1 buy_price=0
Gruel: shift_seconds=180.0 sell_price=0 buy_price=4
Roast carrots: shift_seconds=400.0 sell_price=2 buy_price=0
Stew: shift_seconds=600.0 sell_price=3 buy_price=0
Onion soup: shift_seconds=960.0 sell_price=4 buy_price=0
Grog: low_multiplier=0.5 high_multiplier=0.75 duration_seconds=180.0 sell_price=0 buy_price=3
Ale: low_multiplier=0.5 high_multiplier=1.0 duration_seconds=360.0 sell_price=4 buy_price=0
Wheat beer: low_multiplier=0.5 high_multiplier=0.9 duration_seconds=480.0 sell_price=4 buy_price=0
Radish spirit: low_multiplier=0.5 high_multiplier=1.15 duration_seconds=120.0 sell_price=5 buy_price=0
Aged Mushroom Cap Cognac: low_multiplier=0.5 high_multiplier=1.5 duration_seconds=1800.0 sell_price=0 buy_price=0
Copper Ore: sell_price=5 buy_price=0
Copper ingot: sell_price=20 buy_price=0
Copper pick: job=Miner work_multiplier=1.5 sell_price=30 buy_price=0
Copper sickle: job=Farmer work_multiplier=1.5 sell_price=30 buy_price=0
Potato mash: sell_price=0 buy_price=0
Barley mash: sell_price=0 buy_price=0
Wheat mash: sell_price=0 buy_price=0
Radish mash: sell_price=0 buy_price=0

== Recipes ==
Gruel: inputs=[1 Potato] output=Gruel output_count=1 load_work=5.0 process_seconds=20.0
Roast carrots: inputs=[2 Carrot] output=Roast carrots output_count=1 load_work=5.0 process_seconds=30.0
Stew: inputs=[2 Potato] output=Stew output_count=1 load_work=5.0 process_seconds=60.0
Onion soup: inputs=[1 Onion, 2 Potato] output=Onion soup output_count=1 load_work=6.0 process_seconds=90.0
Potato mash: inputs=[2 Potato] output=Potato mash output_count=1 load_work=5.0 process_seconds=20.0
Barley mash: inputs=[3 Barley] output=Barley mash output_count=1 load_work=5.0 process_seconds=30.0
Wheat mash: inputs=[3 Wheat] output=Wheat mash output_count=1 load_work=5.0 process_seconds=30.0
Radish mash: inputs=[3 Radish] output=Radish mash output_count=1 load_work=5.0 process_seconds=25.0
Grog: inputs=[1 Potato mash] output=Grog output_count=4 load_work=4.0 process_seconds=90.0
Ale: inputs=[1 Barley mash] output=Ale output_count=4 load_work=4.0 process_seconds=180.0
Wheat beer: inputs=[1 Wheat mash] output=Wheat beer output_count=4 load_work=4.0 process_seconds=150.0
Radish spirit: inputs=[1 Radish mash] output=Radish spirit output_count=3 load_work=4.0 process_seconds=120.0
Copper ingot: inputs=[3 Copper Ore] output=Copper ingot output_count=1 load_work=6.0 process_seconds=60.0
Copper pick: inputs=[2 Copper ingot] output=Copper pick output_count=1 load_work=8.0 process_seconds=90.0
Copper sickle: inputs=[2 Copper ingot] output=Copper sickle output_count=1 load_work=8.0 process_seconds=90.0

== Buildings ==
Farm Plot: footprint=(1, 1) cost=3 unlock=- buildable=true can_move=true can_destroy=true blocks_walking=false door_offset_cells=1 workstations=[]
Kitchen: footprint=(3, 2) cost=30 unlock=- buildable=true can_move=true can_destroy=true blocks_walking=true door_offset_cells=2 workstations=[Stove]
Brewery: footprint=(3, 2) cost=40 unlock=(harvested:barley 20, then 60 coins) buildable=true can_move=true can_destroy=true blocks_walking=true door_offset_cells=2 workstations=[Mash pot, Fermenter]
Smeltery: footprint=(3, 2) cost=50 unlock=(mined 15, then 80 coins, 5 Copper Ore) buildable=true can_move=true can_destroy=true blocks_walking=true door_offset_cells=2 workstations=[Smelter]
Forge: footprint=(3, 2) cost=60 unlock=(made:copper_ingot 5, then 50 coins, 3 Copper ingot) buildable=true can_move=true can_destroy=true blocks_walking=true door_offset_cells=2 workstations=[Anvil]

== Furniture ==
Chair: footprint=(1, 1) cost=5 blocks_walking=false is_seat=true needs_front_access=false
Table: footprint=(2, 2) cost=10 blocks_walking=true is_seat=false needs_front_access=false
Long table: footprint=(4, 2) cost=20 blocks_walking=true is_seat=false needs_front_access=false

== Play ==
0:00:00  Start: 50 coins, storage 10 Gruel, 10 Grog
0:00:00  Start: 9 Farm Plot, 1 Great Hall, 1 Mine Entrance; hall has 4 Chair, 2 Table
0:00:00  Start: shaft to row 4, 3 tunnel ends
0:00:00  Start: 4 dwarves (Brunok, Hildist, Dagli, Hildli)
0:00:01  Brunok idle: No job
0:00:01  Hildist idle: No job
0:00:01  Dagli idle: No job
0:00:01  Hildli idle: No job
0:00:09  Brunok: Farmer
0:00:09  Brunok back to work after 0:00:08 idle
0:00:14  Hildist: Miner
0:00:14  Hildist back to work after 0:00:13 idle
0:00:16  Hildli: Miner
0:00:16  Hildli back to work after 0:00:15 idle
0:00:18  Dagli: Miner
0:00:18  Dagli back to work after 0:00:17 idle
0:00:28  Built Kitchen at (56, 2)
0:00:36  Shaft dug down to row 5
0:00:38  Found Copper Ore deposit CopperNear (column 136, row 1)
0:00:56  First mined: Copper Ore

-- 0:01:00, minute 1 (12:21:32) --
Coins 11 (+0 earned, -39 spent)
Mined: 1 Copper Ore
Storage: 10 Gruel, 10 Grog
Plots (9): growing 59%, dry 34%, empty 7%
Kitchen Stove: idle 100%
Player: 13 clicks, sowed 9 Potato
Mine: dug 17 cells, shaft to row 5, 3 tunnel ends, 1 of 3 deposits found
Dwarves:
  Brunok (Farmer): work 50%, walk 24%, wait 12%, idle 14% | food 83%, thirsty 50%
  Hildist (Miner): work 55%, walk 16%, climb 7%, wait 1%, idle 22% | food 82%, thirsty 50%
  Dagli (Miner): work 44%, walk 16%, climb 10%, wait 1%, idle 30% | food 85%, thirsty 50%
  Hildli (Miner): work 56%, walk 11%, climb 7%, wait 1%, idle 25% | food 81%, thirsty 50%
0:01:53  First harvested: Potato

-- 0:02:00, minute 2 (12:22:32) --
Coins 11 (+0 earned, -0 spent)
Harvested: 4 Potato
Mined: 4 Copper Ore
Storage: 10 Gruel, 10 Grog
Plots (9): growing 87%, dry 10%, ripe 1%, empty 2%
Kitchen Stove: idle 100%
Player: 0 clicks
Mine: dug 28 cells, shaft to row 5, 3 tunnel ends, 1 of 3 deposits found
Dwarves:
  Brunok (Farmer): work 58%, haul 2%, walk 19%, wait 21% | food 64%, thirsty 50%
  Hildist (Miner): work 95%, walk 4%, wait 1% | food 50%, thirsty 50%
  Dagli (Miner): work 99%, haul 1% | food 52%, thirsty 50%
  Hildli (Miner): work 94%, walk 5%, wait 1% | food 50%, thirsty 50%

-- 0:03:00, minute 3 (12:23:32) --
Coins 6 (+0 earned, -5 spent)
Harvested: 12 Potato
Mined: 3 Copper Ore
Storage: 12 Potato, 10 Gruel, 10 Grog, 5 Copper Ore
Plots (9): growing 32%, dry 39%, ripe 4%, empty 26%
Kitchen Stove: idle 100%
Player: 5 clicks, sowed 5 Potato
Mine: dug 21 cells, shaft to row 5, 3 tunnel ends, 1 of 3 deposits found
Dwarves:
  Brunok (Farmer): work 55%, haul 24%, walk 20%, wait 2% | food 46%, thirsty 50%
  Hildist (Miner): work 95%, walk 4%, wait 1% | food 18%, thirsty 50%
  Dagli (Miner): work 50%, haul 14%, walk 22%, climb 13%, wait 1% | food 36%, thirsty 50%
  Hildli (Miner): work 91%, walk 9%, wait 0% | food 19%, thirsty 50%

-- 0:04:00, minute 4 (12:24:32) --
Coins 6 (+0 earned, -0 spent)
Harvested: 2 Potato
Mined: 3 Copper Ore
Storage: 18 Potato, 10 Gruel, 10 Grog, 10 Copper Ore
Plots (9): growing 33%, dry 22%, ripe 0%, empty 44%
Kitchen Stove: idle 100%
Player: 0 clicks
Mine: dug 18 cells, shaft to row 5, 3 tunnel ends, 1 of 3 deposits found
Dwarves:
  Brunok (Farmer): work 35%, haul 11%, walk 21%, wait 32% | food 34%, thirsty 50%
  Hildist (Miner): work 68%, haul 12%, walk 13%, climb 7%, wait 1% | food 0%, thirsty 50%
  Dagli (Miner): work 82%, walk 17%, wait 1% | food 8%, thirsty 50%
  Hildli (Miner): work 46%, haul 14%, walk 26%, climb 13%, wait 1% | food 4%, thirsty 50%
0:04:28  Milestone met for Carrot (harvested 20), trade costs 15 coins

-- 0:05:00, minute 5 (12:25:32) --
Coins 6 (+0 earned, -0 spent)
Harvested: 8 Potato
Mined: 3 Copper Ore
Storage: 24 Potato, 13 Copper Ore, 7 Gruel, 7 Grog
Plots (9): growing 23%, dry 10%, ripe 7%, empty 61%
Kitchen Stove: idle 100%
Player: 0 clicks
Mine: dug 4 cells, shaft to row 5, 3 tunnel ends, 1 of 3 deposits found
Eaten and drunk: 3 Grog, 3 Gruel
Dwarves:
  Brunok (Farmer): work 41%, haul 15%, walk 13%, wait 31% | food 20%, thirsty 50%
  Hildist (Miner): work 39%, haul 3%, walk 44%, climb 7%, eat 7%, wait 1% | food 87%, Grog 75%
  Dagli (Miner): work 50%, haul 14%, walk 17%, climb 12%, eat 7%, wait 1% | food 100%, Grog 75%
  Hildli (Miner): work 24%, walk 56%, climb 13%, eat 7%, wait 1% | food 98%, Grog 75%

== Totals so far, 0:05:00 ==
Coins 6: 0 earned, 44 spent
Harvested 26, meals made 0, drinks made 0, ore mined 14
Plots: growing 47%, dry 23%, ripe 2%, empty 28%
Kitchen Stove: idle 100%
Player clicks: 18
Mine: dug 88 cells, shaft to row 5, 1 of 3 deposits found
Eaten and drunk: 3 Grog, 3 Gruel
Dwarves:
  Brunok: work 48%, haul 10%, walk 19%, wait 20%, idle 3%; no meals
    idle: No job 0:00:08
  Hildist: work 70%, haul 3%, walk 16%, climb 4%, eat 1%, wait 1%, idle 4%; 1 meal
    idle: No job 0:00:13
  Dagli: work 65%, haul 6%, walk 14%, climb 7%, eat 1%, wait 1%, idle 6%; 1 meal
    idle: No job 0:00:17
  Hildli: work 62%, haul 3%, walk 21%, climb 7%, eat 1%, wait 1%, idle 5%; 1 meal
    idle: No job 0:00:15
0:05:01  Milestone met for Smeltery (mined 15), trade costs 80 coins, 5 Copper Ore
0:05:07  Brunok idle: Nothing sown

-- 0:06:00, minute 6 (12:26:32) --
Coins 6 (+0 earned, -0 spent)
Harvested: 2 Potato
Mined: 5 Copper Ore
Storage: 28 Potato, 18 Copper Ore, 7 Gruel, 7 Grog
Plots (9): ripe 0%, empty 100%
Kitchen Stove: idle 100%
Player: 0 clicks
Mine: dug 28 cells, shaft to row 5, 3 tunnel ends, 1 of 3 deposits found
Dwarves:
  Brunok (Farmer): work 1%, haul 10%, wait 0%, idle 90% | food 20%, thirsty 50%
  Hildist (Miner): work 54%, haul 14%, walk 18%, climb 13%, wait 0% | food 69%, Grog 74%
  Dagli (Miner): work 67%, walk 31%, climb 2%, wait 1% | food 78%, Grog 75%
  Hildli (Miner): work 93%, walk 5%, wait 2% | food 67%, Grog 74%

-- 0:07:00, minute 7 (12:27:32) --
Coins 6 (+0 earned, -0 spent)
Mined: 4 Copper Ore
Storage: 28 Potato, 23 Copper Ore, 7 Gruel, 7 Grog
Plots (9): empty 100%
Kitchen Stove: idle 100%
Player: 0 clicks
Mine: dug 29 cells, shaft to row 5, 3 tunnel ends, 1 of 3 deposits found
Dwarves:
  Brunok (Farmer): idle 100% | food 20%, thirsty 50%
  Hildist (Miner): work 83%, walk 15%, wait 2% | food 41%, Grog 73%
  Dagli (Miner): work 58%, haul 14%, walk 14%, climb 13%, wait 0% | food 58%, Grog 74%
  Hildli (Miner): work 72%, walk 27%, wait 1% | food 43%, Grog 73%

-- 0:08:00, minute 8 (12:28:32) --
Coins 6 (+0 earned, -0 spent)
Mined: 5 Copper Ore
Storage: 28 Potato, 28 Copper Ore, 7 Gruel, 7 Grog
Plots (9): empty 100%
Kitchen Stove: idle 100%
Player: 0 clicks
Mine: dug 29 cells, shaft to row 5, 3 tunnel ends, 1 of 3 deposits found
Dwarves:
  Brunok (Farmer): idle 100% | food 20%, thirsty 50%
  Hildist (Miner): work 72%, walk 27%, wait 1% | food 17%, Grog 66%
  Dagli (Miner): work 74%, walk 25%, wait 1% | food 34%, Grog 72%
  Hildli (Miner): work 76%, haul 14%, walk 3%, climb 7%, wait 0% | food 17%, Grog 66%

-- 0:09:00, minute 9 (12:29:32) --
Coins 6 (+0 earned, -0 spent)
Mined: 3 Copper Ore
Storage: 31 Copper Ore, 28 Potato, 6 Gruel, 6 Grog
Plots (9): empty 100%
Kitchen Stove: idle 100%
Player: 0 clicks
Mine: dug 23 cells, shaft to row 5, 3 tunnel ends, 1 of 3 deposits found
Eaten and drunk: 1 Grog
Dwarves:
  Brunok (Farmer): idle 100% | food 20%, thirsty 50%
  Hildist (Miner): work 70%, haul 14%, walk 3%, climb 7%, eat 5%, wait 1% | food 0%, Grog 75%
  Dagli (Miner): work 66%, walk 33%, wait 1% | food 12%, Grog 62%
  Hildli (Miner): work 56%, walk 37%, climb 7%, wait 1% | food 0%, thirsty 50%

-- 0:10:00, minute 10 (12:30:32) --
Coins 6 (+0 earned, -0 spent)
Mined: 3 Copper Ore
Storage: 33 Copper Ore, 28 Potato, 4 Gruel, 4 Grog
Plots (9): empty 100%
Kitchen Stove: idle 100%
Player: 0 clicks
Mine: dug 1 cells, shaft to row 5, 3 tunnel ends, 1 of 3 deposits found
Eaten and drunk: 3 Gruel, 2 Grog
Dwarves:
  Brunok (Farmer): idle 100% | food 20%, thirsty 50%
  Hildist (Miner): work 19%, walk 73%, climb 7%, eat 1%, wait 0% | food 94%, Grog 75%
  Dagli (Miner): work 49%, haul 14%, walk 18%, climb 11%, eat 7%, wait 1% | food 100%, Grog 75%
  Hildli (Miner): work 2%, walk 77%, climb 13%, eat 7%, wait 0% | food 100%, Grog 75%

== Totals so far, 0:10:00 ==
Coins 6: 0 earned, 44 spent
Harvested 28, meals made 0, drinks made 0, ore mined 34
Plots: growing 23%, dry 11%, ripe 1%, empty 64%
Kitchen Stove: idle 100%
Player clicks: 18
Mine: dug 198 cells, shaft to row 5, 1 of 3 deposits found
Eaten and drunk: 6 Grog, 6 Gruel
Dwarves:
  Brunok: work 24%, haul 6%, walk 10%, wait 10%, idle 50%; no meals
    idle: No job 0:00:08, Nothing sown 0:04:53
  Hildist: work 65%, haul 4%, walk 22%, climb 5%, eat 1%, wait 1%, idle 2%; 2 meals, one every 0:04:53
    idle: No job 0:00:13
  Dagli: work 64%, haul 6%, walk 19%, climb 6%, eat 1%, wait 1%, idle 3%; 2 meals, one every 0:05:00
    idle: No job 0:00:17
  Hildli: work 61%, haul 3%, walk 25%, climb 6%, eat 1%, wait 1%, idle 3%; 2 meals, one every 0:04:58
    idle: No job 0:00:15

-- 0:11:00, minute 11 (12:31:32) --
Coins 6 (+0 earned, -0 spent)
Mined: 4 Copper Ore
Storage: 38 Copper Ore, 28 Potato, 4 Gruel, 4 Grog
Plots (9): empty 100%
Kitchen Stove: idle 100%
Player: 0 clicks
Mine: dug 26 cells, shaft to row 5, 3 tunnel ends, 1 of 3 deposits found
Dwarves:
  Brunok (Farmer): idle 100% | food 20%, thirsty 50%
  Hildist (Miner): work 71%, haul 14%, walk 8%, climb 7%, wait 0% | food 70%, Grog 74%
  Dagli (Miner): work 36%, walk 61%, climb 3%, wait 1% | food 88%, Grog 75%
  Hildli (Miner): work 88%, walk 10%, wait 2% | food 71%, Grog 74%

-- 0:12:00, minute 12 (12:32:32) --
Coins 6 (+0 earned, -0 spent)
Mined: 5 Copper Ore
Storage: 38 Copper Ore, 28 Potato, 4 Gruel, 4 Grog
Plots (9): empty 100%
Kitchen Stove: idle 100%
Player: 0 clicks
Mine: dug 30 cells, shaft to row 5, 3 tunnel ends, 1 of 3 deposits found
Dwarves:
  Brunok (Farmer): idle 100% | food 20%, thirsty 50%
  Hildist (Miner): work 53%, walk 40%, climb 7%, wait 1% | food 53%, Grog 74%
  Dagli (Miner): work 90%, haul 2%, walk 5%, climb 4%, wait 0% | food 58%, Grog 74%
  Hildli (Miner): work 88%, walk 10%, wait 2% | food 41%, Grog 73%

-- 0:13:00, minute 13 (12:33:32) --
Coins 6 (+0 earned, -0 spent)
Mined: 3 Copper Ore
Storage: 43 Copper Ore, 28 Potato, 4 Gruel, 4 Grog
Plots (9): empty 100%
Kitchen Stove: idle 100%
Player: 0 clicks
Mine: dug 25 cells, shaft to row 5, 3 tunnel ends, 1 of 3 deposits found
Dwarves:
  Brunok (Farmer): idle 100% | food 20%, thirsty 50%
  Hildist (Miner): work 93%, walk 5%, wait 2% | food 22%, Grog 69%
  Dagli (Miner): work 25%, haul 13%, walk 52%, climb 10%, wait 1% | food 50%, Grog 74%
  Hildli (Miner): work 69%, walk 31%, wait 0% | food 18%, Grog 67%

-- 0:14:00, minute 14 (12:34:32) --
Coins 6 (+0 earned, -0 spent)
Mined: 3 Copper Ore
Storage: 48 Copper Ore, 28 Potato, 4 Gruel, 4 Grog
Plots (9): empty 100%
Kitchen Stove: idle 100%
Player: 0 clicks
Mine: dug 25 cells, shaft to row 5, 3 tunnel ends, 1 of 3 deposits found
Dwarves:
  Brunok (Farmer): idle 100% | food 20%, thirsty 50%
  Hildist (Miner): work 54%, walk 45%, wait 1% | food 3%, Grog 54%
  Dagli (Miner): work 93%, walk 5%, wait 2% | food 19%, Grog 67%
  Hildli (Miner): work 28%, haul 14%, walk 44%, climb 13%, wait 0% | food 9%, Grog 60%

-- 0:15:00, minute 15 (12:35:32) --
Coins 6 (+0 earned, -0 spent)
Mined: 2 Copper Ore
Storage: 50 Copper Ore, 28 Potato, 3 Gruel, 3 Grog
Plots (9): empty 100%
Kitchen Stove: idle 100%
Player: 0 clicks
Mine: dug 8 cells, shaft to row 5, 3 tunnel ends, 1 of 3 deposits found
Eaten and drunk: 1 Grog, 1 Gruel
Dwarves:
  Brunok (Farmer): idle 100% | food 20%, thirsty 50%
  Hildist (Miner): work 21%, haul 14%, walk 44%, climb 13%, eat 7%, wait 1% | food 100%, Grog 75%
  Dagli (Miner): work 54%, walk 45%, wait 1% | food 1%, Grog 51%
  Hildli (Miner): work 31%, walk 62%, climb 7%, wait 1% | food 0%, thirsty 50%

== Totals so far, 0:15:00 ==
Coins 6: 0 earned, 44 spent
Harvested 28, meals made 0, drinks made 0, ore mined 51
Plots: growing 16%, dry 8%, ripe 1%, empty 76%
Kitchen Stove: idle 100%
Player clicks: 18
Mine: dug 312 cells, shaft to row 5, 1 of 3 deposits found
Eaten and drunk: 7 Grog, 7 Gruel
Dwarves:
  Brunok: work 16%, haul 4%, walk 6%, wait 7%, idle 67%; no meals
    idle: No job 0:00:08, Nothing sown 0:09:53
  Hildist: work 63%, haul 5%, walk 24%, climb 5%, eat 1%, wait 1%, idle 1%; 3 meals, one every 0:05:11
    idle: No job 0:00:13
  Dagli: work 62%, haul 5%, walk 24%, climb 5%, eat 1%, wait 1%, idle 2%; 2 meals, one every 0:05:00
    idle: No job 0:00:17
  Hildli: work 61%, haul 3%, walk 27%, climb 5%, eat 1%, wait 1%, idle 2%; 2 meals, one every 0:04:58
    idle: No job 0:00:15

-- 0:16:00, minute 16 (12:36:32) --
Coins 6 (+0 earned, -0 spent)
Mined: 3 Copper Ore
Storage: 52 Copper Ore, 28 Potato, 1 Gruel, 1 Grog
Plots (9): empty 100%
Kitchen Stove: idle 100%
Player: 0 clicks
Mine: dug 3 cells, shaft to row 5, 3 tunnel ends, 1 of 3 deposits found
Eaten and drunk: 2 Grog, 2 Gruel
Dwarves:
  Brunok (Farmer): idle 100% | food 20%, thirsty 50%
  Hildist (Miner): work 44%, walk 56%, wait 0% | food 86%, Grog 75%
  Dagli (Miner): work 14%, haul 14%, walk 52%, climb 13%, eat 7%, wait 1% | food 100%, Grog 75%
  Hildli (Miner): work 15%, walk 71%, climb 7%, eat 7%, wait 1% | food 95%, Grog 75%

-- 0:17:00, minute 17 (12:37:32) --
Coins 6 (+0 earned, -0 spent)
Mined: 3 Copper Ore
Storage: 57 Copper Ore, 28 Potato, 1 Gruel, 1 Grog
Plots (9): empty 100%
Kitchen Stove: idle 100%
Player: 0 clicks
Mine: dug 28 cells, shaft to row 5, 3 tunnel ends, 1 of 3 deposits found
Dwarves:
  Brunok (Farmer): idle 100% | food 20%, thirsty 50%
  Hildist (Miner): work 46%, haul 14%, walk 26%, climb 13%, wait 0% | food 70%, Grog 74%
  Dagli (Miner): work 40%, walk 59%, wait 1% | food 87%, Grog 75%
  Hildli (Miner): work 93%, walk 5%, wait 2% | food 64%, Grog 74%

-- 0:18:00, minute 18 (12:38:32) --
Coins 6 (+0 earned, -0 spent)
Mined: 5 Copper Ore
Storage: 57 Copper Ore, 28 Potato, 1 Gruel, 1 Grog
Plots (9): empty 100%
Kitchen Stove: idle 100%
Player: 0 clicks
Mine: dug 29 cells, shaft to row 5, 3 tunnel ends, 1 of 3 deposits found
Dwarves:
  Brunok (Farmer): idle 100% | food 20%, thirsty 50%
  Hildist (Miner): work 61%, walk 38%, wait 1% | food 50%, Grog 73%
  Dagli (Miner): work 82%, haul 11%, climb 7% | food 59%, Grog 74%
  Hildli (Miner): work 77%, walk 22%, wait 1% | food 38%, Grog 73%

-- 0:19:00, minute 19 (12:39:32) --
Coins 6 (+0 earned, -0 spent)
Mined: 3 Copper Ore
Storage: 62 Copper Ore, 28 Potato, 1 Gruel, 1 Grog
Plots (9): empty 100%
Kitchen Stove: idle 100%
Player: 0 clicks
Mine: dug 24 cells, shaft to row 5, 3 tunnel ends, 1 of 3 deposits found
Dwarves:
  Brunok (Farmer): idle 100% | food 20%, thirsty 50%
  Hildist (Miner): work 94%, walk 5%, wait 2% | food 19%, Grog 67%
  Dagli (Miner): work 22%, haul 3%, walk 68%, climb 7%, wait 1% | food 52%, Grog 74%
  Hildli (Miner): work 62%, walk 38%, wait 0% | food 18%, Grog 67%

-- 0:20:00, minute 20 (12:40:32) --
Coins 6 (+0 earned, -0 spent)
Mined: 2 Copper Ore
Storage: 67 Copper Ore, 28 Potato, 1 Gruel, 1 Grog
Plots (9): empty 100%
Kitchen Stove: idle 100%
Player: 0 clicks
Mine: dug 26 cells, shaft to row 5, 3 tunnel ends, 1 of 3 deposits found
Dwarves:
  Brunok (Farmer): idle 100% | food 20%, thirsty 50%
  Hildist (Miner): work 41%, walk 59%, wait 1% | food 5%, Grog 56%
  Dagli (Miner): work 93%, walk 5%, wait 2% | food 21%, Grog 68%
  Hildli (Miner): work 38%, haul 14%, walk 34%, climb 13%, wait 0% | food 5%, Grog 56%

== Totals so far, 0:20:00 ==
Coins 6: 0 earned, 44 spent
Harvested 28, meals made 0, drinks made 0, ore mined 67
Plots: growing 12%, dry 6%, ripe 1%, empty 82%
Kitchen Stove: idle 100%
Player clicks: 18
Mine: dug 422 cells, shaft to row 5, 1 of 3 deposits found
Eaten and drunk: 9 Grog, 9 Gruel
Dwarves:
  Brunok: work 12%, haul 3%, walk 5%, wait 5%, idle 75%; no meals
    idle: No job 0:00:08, Nothing sown 0:14:53
  Hildist: work 61%, haul 4%, walk 27%, climb 4%, eat 1%, wait 1%, idle 1%; 3 meals, one every 0:05:11
    idle: No job 0:00:13
  Dagli: work 59%, haul 5%, walk 27%, climb 5%, eat 1%, wait 1%, idle 1%; 3 meals, one every 0:05:19
    idle: No job 0:00:17
  Hildli: work 60%, haul 3%, walk 29%, climb 5%, eat 1%, wait 1%, idle 1%; 3 meals, one every 0:05:17
    idle: No job 0:00:15
0:20:27  Pantry: out of meals
0:20:27  Pantry: out of drinks

-- 0:21:00, minute 21 (12:41:32) --
Coins 6 (+0 earned, -0 spent)
Mined: 1 Copper Ore
Storage: 68 Copper Ore, 28 Potato
Plots (9): empty 100%
Kitchen Stove: idle 100%
Player: 0 clicks
Mine: dug 7 cells, shaft to row 5, 3 tunnel ends, 1 of 3 deposits found
Eaten and drunk: 1 Grog, 1 Gruel
Dwarves:
  Brunok (Farmer): idle 100% | food 20%, thirsty 50%
  Hildist (Miner): work 20%, haul 14%, walk 45%, climb 13%, eat 7%, wait 1% | food 100%, Grog 75%
  Dagli (Miner): work 35%, walk 65%, wait 1% | food 9%, Grog 60%
  Hildli (Miner): work 19%, walk 80%, wait 0% | food 0%, thirsty 50%
0:21:23  Hildli is waiting for food
0:21:35  Dagli is waiting for food

-- 0:22:00, minute 22 (12:42:32) --
Coins 6 (+0 earned, -0 spent)
Mined: 2 Copper Ore
Storage: 70 Copper Ore, 28 Potato
Plots (9): empty 100%
Kitchen Stove: idle 100%
Player: 0 clicks
Mine: dug 0 cells, shaft to row 5, 3 tunnel ends, 1 of 3 deposits found
Dwarves:
  Brunok (Farmer): idle 100% | food 20%, thirsty 50%
  Hildist (Miner): work 9%, walk 91%, wait 0% | food 97%, Grog 75%
  Dagli (Miner): work 31%, haul 14%, walk 5%, climb 7%, wait 1%, no food 43% | food 0%, thirsty 50%
  Hildli (Miner): walk 31%, climb 7%, wait 0%, no food 63% | food 0%, thirsty 50%

-- 0:23:00, minute 23 (12:43:32) --
Coins 6 (+0 earned, -0 spent)
Mined: 5 Copper Ore
Storage: 70 Copper Ore, 28 Potato
Plots (9): empty 100%
Kitchen Stove: idle 100%
Player: 0 clicks
Mine: dug 0 cells, shaft to row 5, 3 tunnel ends, 1 of 3 deposits found
Dwarves:
  Brunok (Farmer): idle 100% | food 20%, thirsty 50%
  Hildist (Miner): work 81%, haul 12%, climb 7% | food 70%, Grog 74%
  Dagli (Miner): no food 100% | food 0%, thirsty 50%
  Hildli (Miner): no food 100% | food 0%, thirsty 50%

-- 0:24:00, minute 24 (12:44:32) --
Coins 6 (+0 earned, -0 spent)
Mined: 4 Copper Ore
Storage: 75 Copper Ore, 28 Potato
Plots (9): empty 100%
Kitchen Stove: idle 100%
Player: 0 clicks
Mine: dug 0 cells, shaft to row 5, 3 tunnel ends, 1 of 3 deposits found
Dwarves:
  Brunok (Farmer): idle 100% | food 20%, thirsty 50%
  Hildist (Miner): work 77%, haul 2%, walk 14%, climb 7%, wait 1% | food 45%, Grog 73%
  Dagli (Miner): no food 100% | food 0%, thirsty 50%
  Hildli (Miner): no food 100% | food 0%, thirsty 50%

-- 0:25:00, minute 25 (12:45:32) --
Coins 6 (+0 earned, -0 spent)
Mined: 3 Copper Ore
Storage: 80 Copper Ore, 28 Potato
Plots (9): empty 100%
Kitchen Stove: idle 100%
Player: 0 clicks
Mine: dug 0 cells, shaft to row 5, 3 tunnel ends, 1 of 3 deposits found
Dwarves:
  Brunok (Farmer): idle 100% | food 20%, thirsty 50%
  Hildist (Miner): work 58%, haul 14%, walk 14%, climb 13%, wait 1% | food 26%, Grog 70%
  Dagli (Miner): no food 100% | food 0%, thirsty 50%
  Hildli (Miner): no food 100% | food 0%, thirsty 50%

== Totals so far, 0:25:00 ==
Coins 6: 0 earned, 44 spent
Harvested 28, meals made 0, drinks made 0, ore mined 82
Plots: growing 9%, dry 5%, ripe 0%, empty 86%
Kitchen Stove: idle 100%
Player clicks: 18
Mine: dug 429 cells, shaft to row 5, 1 of 3 deposits found
Eaten and drunk: 10 Grog, 10 Gruel
Dwarves:
  Brunok: work 10%, haul 2%, walk 4%, wait 4%, idle 80%; no meals
    idle: No job 0:00:08, Nothing sown 0:19:53
  Hildist: work 59%, haul 5%, walk 28%, climb 5%, eat 1%, wait 1%, idle 1%; 4 meals, one every 0:05:27
    idle: No job 0:00:13
  Dagli: work 50%, haul 5%, walk 25%, climb 4%, eat 1%, wait 1%, idle 1%, no food 14%; 3 meals, one every 0:05:19
    idle: No job 0:00:17
  Hildli: work 49%, haul 2%, walk 28%, climb 4%, eat 1%, wait 1%, idle 1%, no food 15%; 3 meals, one every 0:05:17
    idle: No job 0:00:15

-- 0:26:00, minute 26 (12:46:32) --
Coins 6 (+0 earned, -0 spent)
Mined: 3 Copper Ore
Storage: 85 Copper Ore, 28 Potato
Plots (9): empty 100%
Kitchen Stove: idle 100%
Player: 0 clicks
Mine: dug 0 cells, shaft to row 5, 3 tunnel ends, 1 of 3 deposits found
Dwarves:
  Brunok (Farmer): idle 100% | food 20%, thirsty 50%
  Hildist (Miner): work 58%, haul 14%, walk 14%, climb 13%, wait 1% | food 6%, Grog 57%
  Dagli (Miner): no food 100% | food 0%, thirsty 50%
  Hildli (Miner): no food 100% | food 0%, thirsty 50%
0:26:31  Hildist is waiting for food

-- 0:27:00, minute 27 (12:47:32) --
Coins 6 (+0 earned, -0 spent)
Mined: 1 Copper Ore
Storage: 86 Copper Ore, 28 Potato
Plots (9): empty 100%
Kitchen Stove: idle 100%
Player: 0 clicks
Mine: dug 0 cells, shaft to row 5, 3 tunnel ends, 1 of 3 deposits found
Dwarves:
  Brunok (Farmer): idle 100% | food 20%, thirsty 50%
  Hildist (Miner): work 23%, haul 14%, walk 7%, climb 7%, wait 1%, no food 49% | food 0%, thirsty 50%
  Dagli (Miner): no food 100% | food 0%, thirsty 50%
  Hildli (Miner): no food 100% | food 0%, thirsty 50%

-- 0:28:00, minute 28 (12:48:32) --
Coins 6 (+0 earned, -0 spent)
Storage: 86 Copper Ore, 28 Potato
Plots (9): empty 100%
Kitchen Stove: idle 100%
Player: 0 clicks
Mine: dug 0 cells, shaft to row 5, 3 tunnel ends, 1 of 3 deposits found
Dwarves:
  Brunok (Farmer): idle 100% | food 20%, thirsty 50%
  Hildist (Miner): no food 100% | food 0%, thirsty 50%
  Dagli (Miner): no food 100% | food 0%, thirsty 50%
  Hildli (Miner): no food 100% | food 0%, thirsty 50%

-- 0:29:00, minute 29 (12:49:32) --
Coins 6 (+0 earned, -0 spent)
Storage: 86 Copper Ore, 28 Potato
Plots (9): empty 100%
Kitchen Stove: idle 100%
Player: 0 clicks
Mine: dug 0 cells, shaft to row 5, 3 tunnel ends, 1 of 3 deposits found
Dwarves:
  Brunok (Farmer): idle 100% | food 20%, thirsty 50%
  Hildist (Miner): no food 100% | food 0%, thirsty 50%
  Dagli (Miner): no food 100% | food 0%, thirsty 50%
  Hildli (Miner): no food 100% | food 0%, thirsty 50%

-- 0:30:00, minute 30 (12:50:32) --
Coins 6 (+0 earned, -0 spent)
Storage: 86 Copper Ore, 28 Potato
Plots (9): empty 100%
Kitchen Stove: idle 100%
Player: 0 clicks
Mine: dug 0 cells, shaft to row 5, 3 tunnel ends, 1 of 3 deposits found
Dwarves:
  Brunok (Farmer): idle 100% | food 20%, thirsty 50%
  Hildist (Miner): no food 100% | food 0%, thirsty 50%
  Dagli (Miner): no food 100% | food 0%, thirsty 50%
  Hildli (Miner): no food 100% | food 0%, thirsty 50%

== Totals so far, 0:30:00 ==
Coins 6: 0 earned, 44 spent
Harvested 28, meals made 0, drinks made 0, ore mined 86
Plots: growing 8%, dry 4%, ripe 0%, empty 88%
Kitchen Stove: idle 100%
Player clicks: 18
Mine: dug 429 cells, shaft to row 5, 1 of 3 deposits found
Eaten and drunk: 10 Grog, 10 Gruel
Dwarves:
  Brunok: work 8%, haul 2%, walk 3%, wait 3%, idle 83%; no meals
    idle: No job 0:00:08, Nothing sown 0:24:53
  Hildist: work 52%, haul 5%, walk 24%, climb 5%, eat 1%, wait 1%, idle 1%, no food 12%; 4 meals, one every 0:05:27
    idle: No job 0:00:13
  Dagli: work 42%, haul 4%, walk 20%, climb 4%, eat 1%, wait 1%, idle 1%, no food 28%; 3 meals, one every 0:05:19
    idle: No job 0:00:17
  Hildli: work 41%, haul 2%, walk 23%, climb 4%, eat 1%, wait 1%, idle 1%, no food 29%; 3 meals, one every 0:05:17
    idle: No job 0:00:15

-- 0:31:00, minute 31 (12:51:32) --
Coins 6 (+0 earned, -0 spent)
Storage: 86 Copper Ore, 28 Potato
Plots (9): empty 100%
Kitchen Stove: idle 100%
Player: 0 clicks
Mine: dug 0 cells, shaft to row 5, 3 tunnel ends, 1 of 3 deposits found
Dwarves:
  Brunok (Farmer): idle 100% | food 20%, thirsty 50%
  Hildist (Miner): no food 100% | food 0%, thirsty 50%
  Dagli (Miner): no food 100% | food 0%, thirsty 50%
  Hildli (Miner): no food 100% | food 0%, thirsty 50%

-- 0:32:00, minute 32 (12:52:32) --
Coins 6 (+0 earned, -0 spent)
Storage: 86 Copper Ore, 28 Potato
Plots (9): empty 100%
Kitchen Stove: idle 100%
Player: 0 clicks
Mine: dug 0 cells, shaft to row 5, 3 tunnel ends, 1 of 3 deposits found
Dwarves:
  Brunok (Farmer): idle 100% | food 20%, thirsty 50%
  Hildist (Miner): no food 100% | food 0%, thirsty 50%
  Dagli (Miner): no food 100% | food 0%, thirsty 50%
  Hildli (Miner): no food 100% | food 0%, thirsty 50%

-- 0:33:00, minute 33 (12:53:32) --
Coins 6 (+0 earned, -0 spent)
Storage: 86 Copper Ore, 28 Potato
Plots (9): empty 100%
Kitchen Stove: idle 100%
Player: 0 clicks
Mine: dug 0 cells, shaft to row 5, 3 tunnel ends, 1 of 3 deposits found
Dwarves:
  Brunok (Farmer): idle 100% | food 20%, thirsty 50%
  Hildist (Miner): no food 100% | food 0%, thirsty 50%
  Dagli (Miner): no food 100% | food 0%, thirsty 50%
  Hildli (Miner): no food 100% | food 0%, thirsty 50%

-- 0:34:00, minute 34 (12:54:32) --
Coins 6 (+0 earned, -0 spent)
Storage: 86 Copper Ore, 28 Potato
Plots (9): empty 100%
Kitchen Stove: idle 100%
Player: 0 clicks
Mine: dug 0 cells, shaft to row 5, 3 tunnel ends, 1 of 3 deposits found
Dwarves:
  Brunok (Farmer): idle 100% | food 20%, thirsty 50%
  Hildist (Miner): no food 100% | food 0%, thirsty 50%
  Dagli (Miner): no food 100% | food 0%, thirsty 50%
  Hildli (Miner): no food 100% | food 0%, thirsty 50%

-- 0:35:00, minute 35 (12:55:32) --
Coins 6 (+0 earned, -0 spent)
Storage: 86 Copper Ore, 28 Potato
Plots (9): empty 100%
Kitchen Stove: idle 100%
Player: 0 clicks
Mine: dug 0 cells, shaft to row 5, 3 tunnel ends, 1 of 3 deposits found
Dwarves:
  Brunok (Farmer): idle 100% | food 20%, thirsty 50%
  Hildist (Miner): no food 100% | food 0%, thirsty 50%
  Dagli (Miner): no food 100% | food 0%, thirsty 50%
  Hildli (Miner): no food 100% | food 0%, thirsty 50%

== Totals so far, 0:35:00 ==
Coins 6: 0 earned, 44 spent
Harvested 28, meals made 0, drinks made 0, ore mined 86
Plots: growing 7%, dry 3%, ripe 0%, empty 90%
Kitchen Stove: idle 100%
Player clicks: 18
Mine: dug 429 cells, shaft to row 5, 1 of 3 deposits found
Eaten and drunk: 10 Grog, 10 Gruel
Dwarves:
  Brunok: work 7%, haul 2%, walk 3%, wait 3%, idle 86%; no meals
    idle: No job 0:00:08, Nothing sown 0:29:53
  Hildist: work 44%, haul 5%, walk 21%, climb 4%, eat 1%, wait 1%, idle 1%, no food 24%; 4 meals, one every 0:05:27
    idle: No job 0:00:13
  Dagli: work 36%, haul 3%, walk 18%, climb 3%, eat 1%, wait 0%, idle 1%, no food 38%; 3 meals, one every 0:05:19
    idle: No job 0:00:17
  Hildli: work 35%, haul 2%, walk 20%, climb 3%, eat 1%, wait 0%, idle 1%, no food 39%; 3 meals, one every 0:05:17
    idle: No job 0:00:15

-- 0:36:00, minute 36 (12:56:32) --
Coins 6 (+0 earned, -0 spent)
Storage: 86 Copper Ore, 28 Potato
Plots (9): empty 100%
Kitchen Stove: idle 100%
Player: 0 clicks
Mine: dug 0 cells, shaft to row 5, 3 tunnel ends, 1 of 3 deposits found
Dwarves:
  Brunok (Farmer): idle 100% | food 20%, thirsty 50%
  Hildist (Miner): no food 100% | food 0%, thirsty 50%
  Dagli (Miner): no food 100% | food 0%, thirsty 50%
  Hildli (Miner): no food 100% | food 0%, thirsty 50%

-- 0:37:00, minute 37 (12:57:32) --
Coins 6 (+0 earned, -0 spent)
Storage: 86 Copper Ore, 28 Potato
Plots (9): empty 100%
Kitchen Stove: idle 100%
Player: 0 clicks
Mine: dug 0 cells, shaft to row 5, 3 tunnel ends, 1 of 3 deposits found
Dwarves:
  Brunok (Farmer): idle 100% | food 20%, thirsty 50%
  Hildist (Miner): no food 100% | food 0%, thirsty 50%
  Dagli (Miner): no food 100% | food 0%, thirsty 50%
  Hildli (Miner): no food 100% | food 0%, thirsty 50%

-- 0:38:00, minute 38 (12:58:32) --
Coins 6 (+0 earned, -0 spent)
Storage: 86 Copper Ore, 28 Potato
Plots (9): empty 100%
Kitchen Stove: idle 100%
Player: 0 clicks
Mine: dug 0 cells, shaft to row 5, 3 tunnel ends, 1 of 3 deposits found
Dwarves:
  Brunok (Farmer): idle 100% | food 20%, thirsty 50%
  Hildist (Miner): no food 100% | food 0%, thirsty 50%
  Dagli (Miner): no food 100% | food 0%, thirsty 50%
  Hildli (Miner): no food 100% | food 0%, thirsty 50%

-- 0:39:00, minute 39 (12:59:32) --
Coins 6 (+0 earned, -0 spent)
Storage: 86 Copper Ore, 28 Potato
Plots (9): empty 100%
Kitchen Stove: idle 100%
Player: 0 clicks
Mine: dug 0 cells, shaft to row 5, 3 tunnel ends, 1 of 3 deposits found
Dwarves:
  Brunok (Farmer): idle 100% | food 20%, thirsty 50%
  Hildist (Miner): no food 100% | food 0%, thirsty 50%
  Dagli (Miner): no food 100% | food 0%, thirsty 50%
  Hildli (Miner): no food 100% | food 0%, thirsty 50%

-- 0:40:00, minute 40 (13:00:32) --
Coins 6 (+0 earned, -0 spent)
Storage: 86 Copper Ore, 28 Potato
Plots (9): empty 100%
Kitchen Stove: idle 100%
Player: 0 clicks
Mine: dug 0 cells, shaft to row 5, 3 tunnel ends, 1 of 3 deposits found
Dwarves:
  Brunok (Farmer): idle 100% | food 20%, thirsty 50%
  Hildist (Miner): no food 100% | food 0%, thirsty 50%
  Dagli (Miner): no food 100% | food 0%, thirsty 50%
  Hildli (Miner): no food 100% | food 0%, thirsty 50%

== Totals so far, 0:40:00 ==
Coins 6: 0 earned, 44 spent
Harvested 28, meals made 0, drinks made 0, ore mined 86
Plots: growing 6%, dry 3%, ripe 0%, empty 91%
Kitchen Stove: idle 100%
Player clicks: 18
Mine: dug 429 cells, shaft to row 5, 1 of 3 deposits found
Eaten and drunk: 10 Grog, 10 Gruel
Dwarves:
  Brunok: work 6%, haul 2%, walk 2%, wait 2%, idle 88%; no meals
    idle: No job 0:00:08, Nothing sown 0:34:53
  Hildist: work 39%, haul 4%, walk 18%, climb 4%, eat 1%, wait 1%, idle 1%, no food 34%; 4 meals, one every 0:05:27
    idle: No job 0:00:13
  Dagli: work 31%, haul 3%, walk 15%, climb 3%, eat 1%, wait 0%, idle 1%, no food 46%; 3 meals, one every 0:05:19
    idle: No job 0:00:17
  Hildli: work 30%, haul 1%, walk 17%, climb 3%, eat 1%, wait 0%, idle 1%, no food 47%; 3 meals, one every 0:05:17
    idle: No job 0:00:15

-- 0:41:00, minute 41 (13:01:32) --
Coins 6 (+0 earned, -0 spent)
Storage: 86 Copper Ore, 28 Potato
Plots (9): empty 100%
Kitchen Stove: idle 100%
Player: 0 clicks
Mine: dug 0 cells, shaft to row 5, 3 tunnel ends, 1 of 3 deposits found
Dwarves:
  Brunok (Farmer): idle 100% | food 20%, thirsty 50%
  Hildist (Miner): no food 100% | food 0%, thirsty 50%
  Dagli (Miner): no food 100% | food 0%, thirsty 50%
  Hildli (Miner): no food 100% | food 0%, thirsty 50%

-- 0:42:00, minute 42 (13:02:32) --
Coins 6 (+0 earned, -0 spent)
Storage: 86 Copper Ore, 28 Potato
Plots (9): empty 100%
Kitchen Stove: idle 100%
Player: 0 clicks
Mine: dug 0 cells, shaft to row 5, 3 tunnel ends, 1 of 3 deposits found
Dwarves:
  Brunok (Farmer): idle 100% | food 20%, thirsty 50%
  Hildist (Miner): no food 100% | food 0%, thirsty 50%
  Dagli (Miner): no food 100% | food 0%, thirsty 50%
  Hildli (Miner): no food 100% | food 0%, thirsty 50%

-- 0:43:00, minute 43 (13:03:32) --
Coins 6 (+0 earned, -0 spent)
Storage: 86 Copper Ore, 28 Potato
Plots (9): empty 100%
Kitchen Stove: idle 100%
Player: 0 clicks
Mine: dug 0 cells, shaft to row 5, 3 tunnel ends, 1 of 3 deposits found
Dwarves:
  Brunok (Farmer): idle 100% | food 20%, thirsty 50%
  Hildist (Miner): no food 100% | food 0%, thirsty 50%
  Dagli (Miner): no food 100% | food 0%, thirsty 50%
  Hildli (Miner): no food 100% | food 0%, thirsty 50%

-- 0:44:00, minute 44 (13:04:32) --
Coins 6 (+0 earned, -0 spent)
Storage: 86 Copper Ore, 28 Potato
Plots (9): empty 100%
Kitchen Stove: idle 100%
Player: 0 clicks
Mine: dug 0 cells, shaft to row 5, 3 tunnel ends, 1 of 3 deposits found
Dwarves:
  Brunok (Farmer): idle 100% | food 20%, thirsty 50%
  Hildist (Miner): no food 100% | food 0%, thirsty 50%
  Dagli (Miner): no food 100% | food 0%, thirsty 50%
  Hildli (Miner): no food 100% | food 0%, thirsty 50%
0:44:18  Brunok back to work after 0:39:11 idle
0:44:38  Can afford to unlock Carrot
0:44:59  Built Farm Plot at (60, 5)
0:44:59  Built Farm Plot at (60, 6)
0:45:00  Built Farm Plot at (60, 7)
0:45:00  Built Farm Plot at (61, 7)

-- 0:45:00, minute 45 (13:05:32) --
Coins 423 (+438 earned, -21 spent)
Storage: 20 Potato
Plots (13): growing 42%, dry 9%, empty 50%
Kitchen Stove: idle 100%
Player: 25 clicks, sowed 9 Potato
Mine: dug 0 cells, shaft to row 5, 3 tunnel ends, 1 of 3 deposits found
Dwarves:
  Brunok (Farmer): work 14%, walk 9%, wait 48%, idle 30% | food 16%, thirsty 50%
  Hildist (Miner): no food 100% | food 0%, thirsty 50%
  Dagli (Miner): no food 100% | food 0%, thirsty 50%
  Hildli (Miner): no food 100% | food 0%, thirsty 50%

== Totals so far, 0:45:00 ==
Coins 423: 438 earned, 65 spent
Harvested 28, meals made 0, drinks made 0, ore mined 86
Plots: growing 6%, dry 3%, ripe 0%, empty 91%
Kitchen Stove: idle 100%
Player clicks: 43
Mine: dug 429 cells, shaft to row 5, 1 of 3 deposits found
Eaten and drunk: 10 Grog, 10 Gruel
Dwarves:
  Brunok: work 6%, haul 1%, walk 2%, wait 3%, idle 87%; no meals
    idle: No job 0:00:08, Nothing sown 0:39:11
  Hildist: work 34%, haul 4%, walk 16%, climb 3%, eat 1%, wait 0%, idle 0%, no food 41%; 4 meals, one every 0:05:27
    idle: No job 0:00:13
  Dagli: work 28%, haul 3%, walk 14%, climb 2%, eat 0%, wait 0%, idle 1%, no food 52%; 3 meals, one every 0:05:19
    idle: No job 0:00:17
  Hildli: work 27%, haul 1%, walk 15%, climb 2%, eat 0%, wait 0%, idle 1%, no food 53%; 3 meals, one every 0:05:17
    idle: No job 0:00:15
0:45:01  Built Farm Plot at (61, 6)
0:45:01  Built Farm Plot at (61, 5)
0:45:01  Built Farm Plot at (62, 5)
0:45:01  Built Farm Plot at (62, 6)
0:45:02  Built Farm Plot at (62, 7)
0:45:04  Built Farm Plot at (64, 5)
0:45:04  Built Farm Plot at (64, 6)
0:45:04  Built Farm Plot at (64, 7)
0:45:05  Built Farm Plot at (65, 7)
0:45:05  Built Farm Plot at (65, 6)
0:45:05  Built Farm Plot at (65, 5)
0:45:06  Built Farm Plot at (66, 5)
0:45:06  Built Farm Plot at (66, 6)
0:45:06  Built Farm Plot at (66, 7)
0:45:16  Unlocked Carrot
0:45:23  Dagli: Works at the Kitchen

== End of game, 0:45:46 ==
Coins 348: 438 earned, 140 spent
Harvested 28, meals made 0, drinks made 0, ore mined 86
Plots: growing 7%, dry 5%, ripe 0%, empty 87%
Kitchen Stove: idle 100%
Player clicks: 77
Mine: dug 429 cells, shaft to row 5, 1 of 3 deposits found
Eaten and drunk: 10 Grog, 10 Gruel
Dwarves:
  Brunok: work 6%, haul 1%, walk 3%, wait 3%, idle 86%; no meals
    idle: No job 0:00:08, Nothing sown 0:39:11
  Hildist: work 34%, haul 3%, walk 16%, climb 3%, eat 1%, wait 0%, idle 0%, no food 42%; 4 meals, one every 0:05:27
    idle: No job 0:00:13
  Dagli: work 27%, haul 3%, walk 13%, climb 2%, eat 0%, wait 0%, idle 1%, no food 53%; 3 meals, one every 0:05:19
    idle: No job 0:00:17
  Hildli: work 27%, haul 1%, walk 15%, climb 2%, eat 0%, wait 0%, idle 1%, no food 53%; 3 meals, one every 0:05:17
    idle: No job 0:00:15
