LDCP game log
Version proto-0.10.5.30, started 2026-10-05 11:36:53.
Times are game time (h:mm:ss). Shares are of game time.

== Tuning ==
Game: starting_coins=50 starting_dwarves=4 starting_stock=[10 Gruel, 10 Grog] starting_food_seconds=180.0 walk_speed=24.0 ladder_speed=8.0 lift_speed=64.0 base_work_rate=1.0 carry_capacity=5 eat_seconds=4.0 manual_work_per_click=0.5 hand_capacity=50 hire_cost=40 hire_cost_growth=20 lift_cost=150
Mine level 1: size_cells=(256, 36) landing_row=4 landing_half_width=2 noise_seed=7 dirt_rows=6 dirt_edge_rows=2.5 dirt_work=2.0 rock_work=5.0 straight_start_columns=6 branch_straight_columns=2 branch_gap_rows=3 slope_chance=0.1 fork_chance=0.04 max_heads=5

== Crops ==
Potato: produce=Potato yield_count=2 seed_cost=1 unlock=- water_work=1.0 harvest_work=1.5 grow_seconds=90.0 watered_seconds=30.0
Barley: produce=Barley yield_count=2 seed_cost=1 unlock=- water_work=1.0 harvest_work=1.5 grow_seconds=120.0 watered_seconds=30.0
Carrot: produce=Carrot yield_count=2 seed_cost=1 unlock=(harvested 20, then 15 coins) water_work=1.0 harvest_work=1.5 grow_seconds=60.0 watered_seconds=30.0
Onion: produce=Onion yield_count=2 seed_cost=1 unlock=(meals_made 15, then 30 coins) water_work=1.0 harvest_work=1.5 grow_seconds=150.0 watered_seconds=30.0
Radish: produce=Radish yield_count=2 seed_cost=1 unlock=(harvested 40, then 25 coins) water_work=1.0 harvest_work=1.5 grow_seconds=70.0 watered_seconds=30.0
Wheat: produce=Wheat yield_count=2 seed_cost=1 unlock=(drinks_made 10, then 40 coins) water_work=1.0 harvest_work=1.5 grow_seconds=120.0 watered_seconds=30.0

== Items ==
Potato: sell_price=1 buy_price=0
Barley: sell_price=1 buy_price=0
Carrot: sell_price=1 buy_price=0
Onion: sell_price=2 buy_price=0
Radish: sell_price=1 buy_price=0
Wheat: sell_price=1 buy_price=0
Gruel: shift_seconds=180.0 sell_price=0 buy_price=4
Roast carrots: shift_seconds=400.0 sell_price=2 buy_price=0
Stew: shift_seconds=600.0 sell_price=3 buy_price=0
Onion soup: shift_seconds=960.0 sell_price=4 buy_price=0
Grog: low_multiplier=0.5 high_multiplier=0.75 duration_seconds=180.0 sell_price=0 buy_price=3
Ale: low_multiplier=0.5 high_multiplier=1.0 duration_seconds=360.0 sell_price=4 buy_price=0
Wheat beer: low_multiplier=0.5 high_multiplier=0.9 duration_seconds=480.0 sell_price=4 buy_price=0
Radish spirit: low_multiplier=0.5 high_multiplier=1.15 duration_seconds=120.0 sell_price=5 buy_price=0
Aged Mushroom Cap Cognac: low_multiplier=0.5 high_multiplier=1.5 duration_seconds=1800.0 sell_price=0 buy_price=0
Copper Ore: sell_price=5 buy_price=0
Copper ingot: sell_price=20 buy_price=0
Copper pick: job=Miner work_multiplier=1.5 sell_price=30 buy_price=0
Copper sickle: job=Farmer work_multiplier=1.5 sell_price=30 buy_price=0
Potato mash: sell_price=0 buy_price=0
Barley mash: sell_price=0 buy_price=0
Wheat mash: sell_price=0 buy_price=0
Radish mash: sell_price=0 buy_price=0

== Recipes ==
Gruel: inputs=[1 Potato] output=Gruel output_count=1 load_work=5.0 process_seconds=20.0
Roast carrots: inputs=[2 Carrot] output=Roast carrots output_count=1 load_work=5.0 process_seconds=30.0
Stew: inputs=[2 Potato] output=Stew output_count=1 load_work=5.0 process_seconds=60.0
Onion soup: inputs=[1 Onion, 2 Potato] output=Onion soup output_count=1 load_work=6.0 process_seconds=90.0
Potato mash: inputs=[2 Potato] output=Potato mash output_count=1 load_work=5.0 process_seconds=20.0
Barley mash: inputs=[3 Barley] output=Barley mash output_count=1 load_work=5.0 process_seconds=30.0
Wheat mash: inputs=[3 Wheat] output=Wheat mash output_count=1 load_work=5.0 process_seconds=30.0
Radish mash: inputs=[3 Radish] output=Radish mash output_count=1 load_work=5.0 process_seconds=25.0
Grog: inputs=[1 Potato mash] output=Grog output_count=4 load_work=4.0 process_seconds=90.0
Ale: inputs=[1 Barley mash] output=Ale output_count=4 load_work=4.0 process_seconds=180.0
Wheat beer: inputs=[1 Wheat mash] output=Wheat beer output_count=4 load_work=4.0 process_seconds=150.0
Radish spirit: inputs=[1 Radish mash] output=Radish spirit output_count=3 load_work=4.0 process_seconds=120.0
Copper ingot: inputs=[3 Copper Ore] output=Copper ingot output_count=1 load_work=6.0 process_seconds=60.0
Copper pick: inputs=[2 Copper ingot] output=Copper pick output_count=1 load_work=8.0 process_seconds=90.0
Copper sickle: inputs=[2 Copper ingot] output=Copper sickle output_count=1 load_work=8.0 process_seconds=90.0

== Buildings ==
Farm Plot: footprint=(1, 1) cost=3 unlock=- buildable=true can_move=true can_destroy=true blocks_walking=false door_offset_cells=1 workstations=[]
Kitchen: footprint=(3, 2) cost=30 unlock=- buildable=true can_move=true can_destroy=true blocks_walking=true door_offset_cells=2 workstations=[Stove]
Brewery: footprint=(3, 2) cost=40 unlock=(harvested:barley 20, then 60 coins) buildable=true can_move=true can_destroy=true blocks_walking=true door_offset_cells=2 workstations=[Mash pot, Fermenter]
Smeltery: footprint=(3, 2) cost=50 unlock=(mined 15, then 80 coins, 5 Copper Ore) buildable=true can_move=true can_destroy=true blocks_walking=true door_offset_cells=2 workstations=[Smelter]
Forge: footprint=(3, 2) cost=60 unlock=(made:copper_ingot 5, then 50 coins, 3 Copper ingot) buildable=true can_move=true can_destroy=true blocks_walking=true door_offset_cells=2 workstations=[Anvil]

== Furniture ==
Chair: footprint=(1, 1) cost=5 blocks_walking=false is_seat=true needs_front_access=false
Table: footprint=(2, 2) cost=10 blocks_walking=true is_seat=false needs_front_access=false
Long table: footprint=(4, 2) cost=20 blocks_walking=true is_seat=false needs_front_access=false

== Play ==
0:00:00  Start: 50 coins, storage 10 Gruel, 10 Grog
0:00:00  Start: 9 Farm Plot, 1 Great Hall, 1 Mine Entrance; hall has 4 Chair, 2 Table
0:00:00  Start: shaft to row 4, 3 tunnel ends
0:00:00  Start: 4 dwarves (Tovni, Kilra, Bomdis, Urin)
0:00:01  Tovni idle: No job
0:00:01  Kilra idle: No job
0:00:01  Bomdis idle: No job
0:00:01  Urin idle: No job
0:00:12  Kilra: Farmer
0:00:12  Kilra back to work after 0:00:11 idle
0:00:18  Urin: Miner
0:00:18  Urin back to work after 0:00:17 idle
0:00:20  Bomdis: Miner
0:00:20  Bomdis back to work after 0:00:19 idle
0:00:23  Tovni: Miner
0:00:23  Tovni back to work after 0:00:22 idle
0:00:39  Shaft dug down to row 5
0:00:39  Found Copper Ore deposit CopperNear (column 136, row 1)
0:00:57  First mined: Copper Ore

-- 0:01:00, minute 1 (11:37:53) --
Coins 41 (+0 earned, -9 spent)
Mined: 1 Copper Ore
Storage: 10 Gruel, 10 Grog
Plots (9): growing 49%, dry 41%, empty 10%
Player: 9 clicks, sowed 9 Potato
Mine: dug 16 cells, shaft to row 5, 3 tunnel ends, 1 of 3 deposits found
Dwarves:
  Tovni (Miner): work 39%, walk 13%, climb 10%, wait 0%, idle 37% | food 87%, thirsty 50%
  Kilra (Farmer): work 43%, walk 27%, wait 10%, idle 20% | food 86%, thirsty 50%
  Bomdis (Miner): work 49%, walk 12%, climb 7%, wait 1%, idle 32% | food 84%, thirsty 50%
  Urin (Miner): work 54%, walk 10%, climb 7%, wait 1%, idle 29% | food 82%, thirsty 50%
0:01:59  First harvested: Potato

-- 0:02:00, minute 2 (11:38:53) --
Coins 41 (+0 earned, -0 spent)
Harvested: 2 Potato
Mined: 3 Copper Ore
Storage: 10 Gruel, 10 Grog
Plots (9): growing 91%, dry 8%, ripe 1%, empty 0%
Player: 0 clicks
Mine: dug 28 cells, shaft to row 5, 3 tunnel ends, 1 of 3 deposits found
Dwarves:
  Tovni (Miner): work 100% | food 54%, thirsty 50%
  Kilra (Farmer): work 56%, haul 1%, walk 26%, wait 17% | food 67%, thirsty 50%
  Bomdis (Miner): work 95%, walk 4%, wait 1% | food 52%, thirsty 50%
  Urin (Miner): work 95%, walk 4%, wait 1% | food 50%, thirsty 50%

-- 0:03:00, minute 3 (11:39:53) --
Coins 41 (+0 earned, -0 spent)
Harvested: 12 Potato
Mined: 4 Copper Ore
Storage: 12 Potato, 10 Gruel, 10 Grog, 5 Copper Ore
Plots (9): growing 11%, dry 39%, ripe 3%, empty 47%
Player: 0 clicks
Mine: dug 21 cells, shaft to row 5, 3 tunnel ends, 1 of 3 deposits found
Dwarves:
  Tovni (Miner): work 49%, haul 14%, walk 22%, climb 13%, wait 1% | food 37%, thirsty 50%
  Kilra (Farmer): work 55%, haul 24%, walk 20%, wait 2% | food 49%, thirsty 50%
  Bomdis (Miner): work 91%, walk 9%, wait 0% | food 22%, thirsty 50%
  Urin (Miner): work 95%, walk 4%, wait 1% | food 19%, thirsty 50%
0:03:15  Kilra idle: Nothing sown

-- 0:04:00, minute 4 (11:40:53) --
Coins 41 (+0 earned, -0 spent)
Harvested: 4 Potato
Mined: 3 Copper Ore
Storage: 18 Potato, 10 Gruel, 10 Grog, 10 Copper Ore
Plots (9): growing 0%, dry 1%, ripe 1%, empty 98%
Player: 0 clicks
Mine: dug 19 cells, shaft to row 5, 3 tunnel ends, 1 of 3 deposits found
Dwarves:
  Tovni (Miner): work 82%, walk 17%, wait 1% | food 10%, thirsty 50%
  Kilra (Farmer): work 11%, haul 12%, wait 1%, idle 76% | food 45%, thirsty 50%
  Bomdis (Miner): work 46%, haul 14%, walk 26%, climb 13%, wait 1% | food 6%, thirsty 50%
  Urin (Miner): work 69%, haul 10%, walk 13%, climb 7%, wait 1% | food 0%, thirsty 50%

-- 0:05:00, minute 5 (11:41:53) --
Coins 41 (+0 earned, -0 spent)
Mined: 3 Copper Ore
Storage: 18 Potato, 13 Copper Ore, 7 Gruel, 7 Grog
Plots (9): empty 100%
Player: 0 clicks
Mine: dug 4 cells, shaft to row 5, 3 tunnel ends, 1 of 3 deposits found
Eaten and drunk: 3 Grog, 3 Gruel
Dwarves:
  Tovni (Miner): work 51%, haul 14%, walk 17%, climb 10%, eat 7%, wait 1% | food 100%, Grog 75%
  Kilra (Farmer): idle 100% | food 45%, thirsty 50%
  Bomdis (Miner): work 25%, walk 54%, climb 13%, eat 7%, wait 1% | food 100%, Grog 75%
  Urin (Miner): work 38%, haul 4%, walk 44%, climb 7%, eat 7%, wait 1% | food 87%, Grog 75%

== Totals so far, 0:05:00 ==
Coins 41: 0 earned, 9 spent
Harvested 18, meals made 0, drinks made 0, ore mined 14
Plots: growing 30%, dry 18%, ripe 1%, empty 51%
Player clicks: 9
Mine: dug 88 cells, shaft to row 5, 1 of 3 deposits found
Eaten and drunk: 3 Grog, 3 Gruel
Dwarves:
  Tovni: work 64%, haul 6%, walk 14%, climb 7%, eat 1%, wait 1%, idle 7%; 1 meal
    idle: No job 0:00:22
  Kilra: work 33%, haul 7%, walk 15%, wait 6%, idle 39%; no meals
    idle: No job 0:00:11, Nothing sown 0:01:45
  Bomdis: work 61%, haul 3%, walk 21%, climb 7%, eat 1%, wait 1%, idle 6%; 1 meal
    idle: No job 0:00:19
  Urin: work 70%, haul 3%, walk 15%, climb 4%, eat 1%, wait 1%, idle 6%; 1 meal
    idle: No job 0:00:17
0:05:01  Milestone met for Smeltery (mined 15), trade costs 80 coins, 5 Copper Ore

-- 0:06:00, minute 6 (11:42:53) --
Coins 41 (+0 earned, -0 spent)
Mined: 5 Copper Ore
Storage: 18 Potato, 18 Copper Ore, 7 Gruel, 7 Grog
Plots (9): empty 100%
Player: 0 clicks
Mine: dug 27 cells, shaft to row 5, 3 tunnel ends, 1 of 3 deposits found
Dwarves:
  Tovni (Miner): work 65%, walk 32%, climb 3%, wait 1% | food 79%, Grog 75%
  Kilra (Farmer): idle 100% | food 45%, thirsty 50%
  Bomdis (Miner): work 91%, walk 7%, wait 2% | food 70%, Grog 74%
  Urin (Miner): work 55%, haul 14%, walk 17%, climb 13%, wait 0% | food 69%, Grog 74%

-- 0:07:00, minute 7 (11:43:53) --
Coins 41 (+0 earned, -0 spent)
Mined: 4 Copper Ore
Storage: 23 Copper Ore, 18 Potato, 7 Gruel, 7 Grog
Plots (9): empty 100%
Player: 0 clicks
Mine: dug 29 cells, shaft to row 5, 3 tunnel ends, 1 of 3 deposits found
Dwarves:
  Tovni (Miner): work 60%, haul 14%, walk 13%, climb 13%, wait 0% | food 58%, Grog 74%
  Kilra (Farmer): idle 100% | food 45%, thirsty 50%
  Bomdis (Miner): work 73%, walk 26%, wait 1% | food 45%, Grog 73%
  Urin (Miner): work 82%, walk 17%, wait 2% | food 42%, Grog 73%

-- 0:08:00, minute 8 (11:44:53) --
Coins 41 (+0 earned, -0 spent)
Mined: 5 Copper Ore
Storage: 28 Copper Ore, 18 Potato, 7 Gruel, 7 Grog
Plots (9): empty 100%
Player: 0 clicks
Mine: dug 30 cells, shaft to row 5, 3 tunnel ends, 1 of 3 deposits found
Dwarves:
  Tovni (Miner): work 73%, walk 25%, climb 1%, wait 1% | food 34%, Grog 72%
  Kilra (Farmer): idle 100% | food 45%, thirsty 50%
  Bomdis (Miner): work 77%, haul 14%, walk 2%, climb 7%, wait 0% | food 20%, Grog 68%
  Urin (Miner): work 72%, walk 27%, wait 1% | food 18%, Grog 67%

-- 0:09:00, minute 9 (11:45:53) --
Coins 41 (+0 earned, -0 spent)
Mined: 3 Copper Ore
Storage: 31 Copper Ore, 18 Potato, 6 Gruel, 6 Grog
Plots (9): empty 100%
Player: 0 clicks
Mine: dug 23 cells, shaft to row 5, 3 tunnel ends, 1 of 3 deposits found
Eaten and drunk: 1 Grog
Dwarves:
  Tovni (Miner): work 67%, walk 32%, wait 1% | food 12%, Grog 62%
  Kilra (Farmer): idle 100% | food 45%, thirsty 50%
  Bomdis (Miner): work 54%, walk 38%, climb 7%, wait 1% | food 2%, Grog 52%
  Urin (Miner): work 70%, haul 14%, walk 4%, climb 7%, eat 5%, wait 1% | food 0%, Grog 75%

-- 0:10:00, minute 10 (11:46:53) --
Coins 41 (+0 earned, -0 spent)
Mined: 3 Copper Ore
Storage: 33 Copper Ore, 18 Potato, 4 Gruel, 4 Grog
Plots (9): empty 100%
Player: 0 clicks
Mine: dug 2 cells, shaft to row 5, 3 tunnel ends, 1 of 3 deposits found
Eaten and drunk: 3 Gruel, 2 Grog
Dwarves:
  Tovni (Miner): work 49%, haul 14%, walk 19%, climb 11%, eat 7%, wait 1% | food 100%, Grog 75%
  Kilra (Farmer): idle 100% | food 45%, thirsty 50%
  Bomdis (Miner): work 8%, walk 71%, climb 13%, eat 7%, wait 1% | food 100%, Grog 75%
  Urin (Miner): work 19%, walk 72%, climb 7%, eat 2%, wait 0% | food 94%, Grog 75%

== Totals so far, 0:10:00 ==
Coins 41: 0 earned, 9 spent
Harvested 18, meals made 0, drinks made 0, ore mined 34
Plots: growing 15%, dry 9%, ripe 0%, empty 76%
Player clicks: 9
Mine: dug 199 cells, shaft to row 5, 1 of 3 deposits found
Eaten and drunk: 6 Grog, 6 Gruel
Dwarves:
  Tovni: work 63%, haul 6%, walk 19%, climb 6%, eat 1%, wait 1%, idle 4%; 2 meals, one every 0:04:59
    idle: No job 0:00:22
  Kilra: work 17%, haul 4%, walk 7%, wait 3%, idle 70%; no meals
    idle: No job 0:00:11, Nothing sown 0:06:45
  Bomdis: work 61%, haul 3%, walk 25%, climb 6%, eat 1%, wait 1%, idle 3%; 2 meals, one every 0:04:57
    idle: No job 0:00:19
  Urin: work 65%, haul 4%, walk 21%, climb 5%, eat 1%, wait 1%, idle 3%; 2 meals, one every 0:04:52
    idle: No job 0:00:17

-- 0:11:00, minute 11 (11:47:53) --
Coins 41 (+0 earned, -0 spent)
Mined: 4 Copper Ore
Storage: 38 Copper Ore, 18 Potato, 4 Gruel, 4 Grog
Plots (9): empty 100%
Player: 0 clicks
Mine: dug 24 cells, shaft to row 5, 3 tunnel ends, 1 of 3 deposits found
Dwarves:
  Tovni (Miner): work 36%, walk 61%, climb 3%, wait 1% | food 88%, Grog 75%
  Kilra (Farmer): idle 100% | food 45%, thirsty 50%
  Bomdis (Miner): work 80%, walk 18%, wait 2% | food 73%, Grog 75%
  Urin (Miner): work 71%, haul 14%, walk 8%, climb 7%, wait 0% | food 70%, Grog 74%

-- 0:12:00, minute 12 (11:48:53) --
Coins 41 (+0 earned, -0 spent)
Mined: 5 Copper Ore
Storage: 38 Copper Ore, 18 Potato, 4 Gruel, 4 Grog
Plots (9): empty 100%
Player: 0 clicks
Mine: dug 31 cells, shaft to row 5, 3 tunnel ends, 1 of 3 deposits found
Dwarves:
  Tovni (Miner): work 90%, haul 2%, walk 4%, climb 4%, wait 0% | food 58%, Grog 74%
  Kilra (Farmer): idle 100% | food 45%, thirsty 50%
  Bomdis (Miner): work 88%, walk 11%, wait 2% | food 44%, Grog 73%
  Urin (Miner): work 53%, walk 39%, climb 7%, wait 1% | food 52%, Grog 74%

-- 0:13:00, minute 13 (11:49:53) --
Coins 41 (+0 earned, -0 spent)
Mined: 3 Copper Ore
Storage: 43 Copper Ore, 18 Potato, 4 Gruel, 4 Grog
Plots (9): empty 100%
Player: 0 clicks
Mine: dug 25 cells, shaft to row 5, 3 tunnel ends, 1 of 3 deposits found
Dwarves:
  Tovni (Miner): work 25%, haul 13%, walk 53%, climb 9%, wait 1% | food 50%, Grog 73%
  Kilra (Farmer): idle 100% | food 45%, thirsty 50%
  Bomdis (Miner): work 68%, walk 32%, wait 0% | food 21%, Grog 68%
  Urin (Miner): work 93%, walk 5%, wait 2% | food 21%, Grog 69%

-- 0:14:00, minute 14 (11:50:53) --
Coins 41 (+0 earned, -0 spent)
Mined: 3 Copper Ore
Storage: 48 Copper Ore, 18 Potato, 4 Gruel, 4 Grog
Plots (9): empty 100%
Player: 0 clicks
Mine: dug 25 cells, shaft to row 5, 3 tunnel ends, 1 of 3 deposits found
Dwarves:
  Tovni (Miner): work 93%, walk 5%, wait 2% | food 19%, Grog 67%
  Kilra (Farmer): idle 100% | food 45%, thirsty 50%
  Bomdis (Miner): work 28%, haul 14%, walk 44%, climb 13%, wait 0% | food 12%, Grog 62%
  Urin (Miner): work 55%, walk 45%, wait 1% | food 3%, Grog 54%

-- 0:15:00, minute 15 (11:51:53) --
Coins 41 (+0 earned, -0 spent)
Mined: 2 Copper Ore
Storage: 50 Copper Ore, 18 Potato, 3 Gruel, 3 Grog
Plots (9): empty 100%
Player: 0 clicks
Mine: dug 10 cells, shaft to row 5, 3 tunnel ends, 1 of 3 deposits found
Eaten and drunk: 1 Grog, 1 Gruel
Dwarves:
  Tovni (Miner): work 54%, walk 46%, wait 1% | food 1%, Grog 51%
  Kilra (Farmer): idle 100% | food 45%, thirsty 50%
  Bomdis (Miner): work 43%, walk 55%, climb 2%, wait 1% | food 0%, thirsty 50%
  Urin (Miner): work 19%, haul 14%, walk 46%, climb 13%, eat 7%, wait 1% | food 100%, Grog 75%

== Totals so far, 0:15:00 ==
Coins 41: 0 earned, 9 spent
Harvested 18, meals made 0, drinks made 0, ore mined 51
Plots: growing 10%, dry 6%, ripe 0%, empty 84%
Player clicks: 9
Mine: dug 314 cells, shaft to row 5, 1 of 3 deposits found
Eaten and drunk: 7 Grog, 7 Gruel
Dwarves:
  Tovni: work 62%, haul 5%, walk 24%, climb 5%, eat 1%, wait 1%, idle 2%; 2 meals, one every 0:04:59
    idle: No job 0:00:22
  Kilra: work 11%, haul 2%, walk 5%, wait 2%, idle 80%; no meals
    idle: No job 0:00:11, Nothing sown 0:11:45
  Bomdis: work 61%, haul 3%, walk 27%, climb 5%, eat 1%, wait 1%, idle 2%; 2 meals, one every 0:04:57
    idle: No job 0:00:19
  Urin: work 63%, haul 5%, walk 24%, climb 5%, eat 1%, wait 1%, idle 2%; 3 meals, one every 0:05:10
    idle: No job 0:00:17

-- 0:16:00, minute 16 (11:52:53) --
Coins 41 (+0 earned, -0 spent)
Mined: 3 Copper Ore
Storage: 52 Copper Ore, 18 Potato, 1 Gruel, 1 Grog
Plots (9): empty 100%
Player: 0 clicks
Mine: dug 2 cells, shaft to row 5, 3 tunnel ends, 1 of 3 deposits found
Eaten and drunk: 2 Grog, 2 Gruel
Dwarves:
  Tovni (Miner): work 12%, haul 14%, walk 53%, climb 13%, eat 7%, wait 1% | food 100%, Grog 75%
  Kilra (Farmer): idle 100% | food 45%, thirsty 50%
  Bomdis (Miner): work 10%, walk 72%, climb 11%, eat 7%, wait 1% | food 97%, Grog 75%
  Urin (Miner): work 47%, walk 53%, wait 0% | food 84%, Grog 75%

-- 0:17:00, minute 17 (11:53:53) --
Coins 41 (+0 earned, -0 spent)
Mined: 3 Copper Ore
Storage: 57 Copper Ore, 18 Potato, 1 Gruel, 1 Grog
Plots (9): empty 100%
Player: 0 clicks
Mine: dug 26 cells, shaft to row 5, 3 tunnel ends, 1 of 3 deposits found
Dwarves:
  Tovni (Miner): work 41%, walk 59%, wait 1% | food 87%, Grog 75%
  Kilra (Farmer): idle 100% | food 45%, thirsty 50%
  Bomdis (Miner): work 93%, walk 5%, wait 2% | food 66%, Grog 74%
  Urin (Miner): work 42%, haul 14%, walk 30%, climb 13%, wait 0% | food 70%, Grog 74%

-- 0:18:00, minute 18 (11:54:53) --
Coins 41 (+0 earned, -0 spent)
Mined: 5 Copper Ore
Storage: 62 Copper Ore, 18 Potato, 1 Gruel, 1 Grog
Plots (9): empty 100%
Player: 0 clicks
Mine: dug 30 cells, shaft to row 5, 3 tunnel ends, 1 of 3 deposits found
Dwarves:
  Tovni (Miner): work 79%, haul 14%, climb 7%, wait 0% | food 60%, Grog 74%
  Kilra (Farmer): idle 100% | food 45%, thirsty 50%
  Bomdis (Miner): work 73%, walk 25%, wait 1% | food 41%, Grog 73%
  Urin (Miner): work 64%, walk 35%, wait 1% | food 49%, Grog 73%

-- 0:19:00, minute 19 (11:55:53) --
Coins 41 (+0 earned, -0 spent)
Mined: 3 Copper Ore
Storage: 62 Copper Ore, 18 Potato, 1 Gruel, 1 Grog
Plots (9): empty 100%
Player: 0 clicks
Mine: dug 24 cells, shaft to row 5, 3 tunnel ends, 1 of 3 deposits found
Dwarves:
  Tovni (Miner): work 25%, walk 68%, climb 7%, wait 1% | food 52%, Grog 74%
  Kilra (Farmer): idle 100% | food 45%, thirsty 50%
  Bomdis (Miner): work 66%, walk 34%, wait 0% | food 19%, Grog 67%
  Urin (Miner): work 94%, walk 5%, wait 2% | food 18%, Grog 66%

-- 0:20:00, minute 20 (11:56:53) --
Coins 41 (+0 earned, -0 spent)
Mined: 2 Copper Ore
Storage: 67 Copper Ore, 18 Potato, 1 Gruel, 1 Grog
Plots (9): empty 100%
Player: 0 clicks
Mine: dug 26 cells, shaft to row 5, 3 tunnel ends, 1 of 3 deposits found
Dwarves:
  Tovni (Miner): work 93%, walk 5%, wait 2% | food 21%, Grog 68%
  Kilra (Farmer): idle 100% | food 45%, thirsty 50%
  Bomdis (Miner): work 31%, haul 14%, walk 41%, climb 13%, wait 0% | food 9%, Grog 60%
  Urin (Miner): work 41%, walk 59%, wait 1% | food 4%, Grog 55%

== Totals so far, 0:20:00 ==
Coins 41: 0 earned, 9 spent
Harvested 18, meals made 0, drinks made 0, ore mined 67
Plots: growing 8%, dry 4%, ripe 0%, empty 88%
Player clicks: 9
Mine: dug 422 cells, shaft to row 5, 1 of 3 deposits found
Eaten and drunk: 9 Grog, 9 Gruel
Dwarves:
  Tovni: work 59%, haul 5%, walk 27%, climb 5%, eat 1%, wait 1%, idle 2%; 3 meals, one every 0:05:18
    idle: No job 0:00:22
  Kilra: work 8%, haul 2%, walk 4%, wait 1%, idle 85%; no meals
    idle: No job 0:00:11, Nothing sown 0:16:45
  Bomdis: work 59%, haul 3%, walk 29%, climb 5%, eat 1%, wait 1%, idle 2%; 3 meals, one every 0:05:17
    idle: No job 0:00:19
  Urin: work 61%, haul 4%, walk 27%, climb 4%, eat 1%, wait 1%, idle 1%; 3 meals, one every 0:05:10
    idle: No job 0:00:17
0:20:23  Pantry: out of meals
0:20:23  Pantry: out of drinks

-- 0:21:00, minute 21 (11:57:53) --
Coins 41 (+0 earned, -0 spent)
Mined: 2 Copper Ore
Storage: 68 Copper Ore, 18 Potato
Plots (9): empty 100%
Player: 0 clicks
Mine: dug 7 cells, shaft to row 5, 3 tunnel ends, 1 of 3 deposits found
Eaten and drunk: 1 Grog, 1 Gruel
Dwarves:
  Tovni (Miner): work 36%, walk 64%, wait 0% | food 9%, Grog 60%
  Kilra (Farmer): idle 100% | food 45%, thirsty 50%
  Bomdis (Miner): work 31%, walk 68%, wait 1% | food 0%, thirsty 50%
  Urin (Miner): work 13%, haul 14%, walk 52%, climb 13%, eat 7%, wait 1% | food 100%, Grog 75%
0:21:27  Bomdis is waiting for food
0:21:45  Tovni is waiting for food

-- 0:22:00, minute 22 (11:58:53) --
Coins 41 (+0 earned, -0 spent)
Mined: 2 Copper Ore
Storage: 71 Copper Ore, 18 Potato
Plots (9): empty 100%
Player: 0 clicks
Mine: dug 4 cells, shaft to row 5, 3 tunnel ends, 1 of 3 deposits found
Dwarves:
  Tovni (Miner): work 48%, haul 14%, walk 5%, climb 7%, wait 1%, no food 26% | food 0%, thirsty 50%
  Kilra (Farmer): idle 100% | food 45%, thirsty 50%
  Bomdis (Miner): walk 37%, climb 7%, wait 0%, no food 56% | food 0%, thirsty 50%
  Urin (Miner): work 20%, walk 80%, wait 1% | food 93%, Grog 75%

-- 0:23:00, minute 23 (11:59:53) --
Coins 41 (+0 earned, -0 spent)
Mined: 4 Copper Ore
Storage: 71 Copper Ore, 18 Potato
Plots (9): empty 100%
Player: 0 clicks
Mine: dug 0 cells, shaft to row 5, 3 tunnel ends, 1 of 3 deposits found
Dwarves:
  Tovni (Miner): no food 100% | food 0%, thirsty 50%
  Kilra (Farmer): idle 100% | food 45%, thirsty 50%
  Bomdis (Miner): no food 100% | food 0%, thirsty 50%
  Urin (Miner): work 88%, walk 12%, wait 0% | food 64%, Grog 74%

-- 0:24:00, minute 24 (12:00:53) --
Coins 41 (+0 earned, -0 spent)
Mined: 4 Copper Ore
Storage: 76 Copper Ore, 18 Potato
Plots (9): empty 100%
Player: 0 clicks
Mine: dug 0 cells, shaft to row 5, 3 tunnel ends, 1 of 3 deposits found
Dwarves:
  Tovni (Miner): no food 100% | food 0%, thirsty 50%
  Kilra (Farmer): idle 100% | food 45%, thirsty 50%
  Bomdis (Miner): no food 100% | food 0%, thirsty 50%
  Urin (Miner): work 58%, haul 14%, walk 14%, climb 13%, wait 1% | food 45%, Grog 73%

-- 0:25:00, minute 25 (12:01:53) --
Coins 41 (+0 earned, -0 spent)
Mined: 3 Copper Ore
Storage: 81 Copper Ore, 18 Potato
Plots (9): empty 100%
Player: 0 clicks
Mine: dug 0 cells, shaft to row 5, 3 tunnel ends, 1 of 3 deposits found
Dwarves:
  Tovni (Miner): no food 100% | food 0%, thirsty 50%
  Kilra (Farmer): idle 100% | food 45%, thirsty 50%
  Bomdis (Miner): no food 100% | food 0%, thirsty 50%
  Urin (Miner): work 58%, haul 14%, walk 14%, climb 13%, wait 1% | food 26%, Grog 71%

== Totals so far, 0:25:00 ==
Coins 41: 0 earned, 9 spent
Harvested 18, meals made 0, drinks made 0, ore mined 82
Plots: growing 6%, dry 4%, ripe 0%, empty 90%
Player clicks: 9
Mine: dug 433 cells, shaft to row 5, 1 of 3 deposits found
Eaten and drunk: 10 Grog, 10 Gruel
Dwarves:
  Tovni: work 51%, haul 5%, walk 24%, climb 4%, eat 1%, wait 1%, idle 1%, no food 13%; 3 meals, one every 0:05:18
    idle: No job 0:00:22
  Kilra: work 7%, haul 1%, walk 3%, wait 1%, idle 88%; no meals
    idle: No job 0:00:11, Nothing sown 0:21:45
  Bomdis: work 49%, haul 2%, walk 28%, climb 4%, eat 1%, wait 1%, idle 1%, no food 14%; 3 meals, one every 0:05:17
    idle: No job 0:00:19
  Urin: work 59%, haul 5%, walk 28%, climb 5%, eat 1%, wait 1%, idle 1%; 4 meals, one every 0:05:26
    idle: No job 0:00:17

-- 0:26:00, minute 26 (12:02:53) --
Coins 41 (+0 earned, -0 spent)
Mined: 4 Copper Ore
Storage: 81 Copper Ore, 18 Potato
Plots (9): empty 100%
Player: 0 clicks
Mine: dug 0 cells, shaft to row 5, 3 tunnel ends, 1 of 3 deposits found
Dwarves:
  Tovni (Miner): no food 100% | food 0%, thirsty 50%
  Kilra (Farmer): idle 100% | food 45%, thirsty 50%
  Bomdis (Miner): no food 100% | food 0%, thirsty 50%
  Urin (Miner): work 84%, haul 9%, climb 7% | food 0%, thirsty 50%
0:26:08  Urin is waiting for food

-- 0:27:00, minute 27 (12:03:53) --
Coins 41 (+0 earned, -0 spent)
Storage: 86 Copper Ore, 18 Potato
Plots (9): empty 100%
Player: 0 clicks
Mine: dug 0 cells, shaft to row 5, 3 tunnel ends, 1 of 3 deposits found
Dwarves:
  Tovni (Miner): no food 100% | food 0%, thirsty 50%
  Kilra (Farmer): idle 100% | food 45%, thirsty 50%
  Bomdis (Miner): no food 100% | food 0%, thirsty 50%
  Urin (Miner): haul 5%, walk 7%, wait 1%, no food 87% | food 0%, thirsty 50%

-- 0:28:00, minute 28 (12:04:53) --
Coins 41 (+0 earned, -0 spent)
Storage: 86 Copper Ore, 18 Potato
Plots (9): empty 100%
Player: 0 clicks
Mine: dug 0 cells, shaft to row 5, 3 tunnel ends, 1 of 3 deposits found
Dwarves:
  Tovni (Miner): no food 100% | food 0%, thirsty 50%
  Kilra (Farmer): idle 100% | food 45%, thirsty 50%
  Bomdis (Miner): no food 100% | food 0%, thirsty 50%
  Urin (Miner): no food 100% | food 0%, thirsty 50%

-- 0:29:00, minute 29 (12:05:53) --
Coins 41 (+0 earned, -0 spent)
Storage: 86 Copper Ore, 18 Potato
Plots (9): empty 100%
Player: 0 clicks
Mine: dug 0 cells, shaft to row 5, 3 tunnel ends, 1 of 3 deposits found
Dwarves:
  Tovni (Miner): no food 100% | food 0%, thirsty 50%
  Kilra (Farmer): idle 100% | food 45%, thirsty 50%
  Bomdis (Miner): no food 100% | food 0%, thirsty 50%
  Urin (Miner): no food 100% | food 0%, thirsty 50%

-- 0:30:00, minute 30 (12:06:53) --
Coins 41 (+0 earned, -0 spent)
Storage: 86 Copper Ore, 18 Potato
Plots (9): empty 100%
Player: 0 clicks
Mine: dug 0 cells, shaft to row 5, 3 tunnel ends, 1 of 3 deposits found
Dwarves:
  Tovni (Miner): no food 100% | food 0%, thirsty 50%
  Kilra (Farmer): idle 100% | food 45%, thirsty 50%
  Bomdis (Miner): no food 100% | food 0%, thirsty 50%
  Urin (Miner): no food 100% | food 0%, thirsty 50%

== Totals so far, 0:30:00 ==
Coins 41: 0 earned, 9 spent
Harvested 18, meals made 0, drinks made 0, ore mined 86
Plots: growing 5%, dry 3%, ripe 0%, empty 92%
Player clicks: 9
Mine: dug 433 cells, shaft to row 5, 1 of 3 deposits found
Eaten and drunk: 10 Grog, 10 Gruel
Dwarves:
  Tovni: work 42%, haul 4%, walk 20%, climb 4%, eat 1%, wait 1%, idle 1%, no food 28%; 3 meals, one every 0:05:18
    idle: No job 0:00:22
  Kilra: work 6%, haul 1%, walk 2%, wait 1%, idle 90%; no meals
    idle: No job 0:00:11, Nothing sown 0:26:45
  Bomdis: work 41%, haul 2%, walk 23%, climb 4%, eat 1%, wait 1%, idle 1%, no food 29%; 3 meals, one every 0:05:17
    idle: No job 0:00:19
  Urin: work 52%, haul 5%, walk 24%, climb 4%, eat 1%, wait 1%, idle 1%, no food 13%; 4 meals, one every 0:05:26
    idle: No job 0:00:17

-- 0:31:00, minute 31 (12:07:53) --
Coins 41 (+0 earned, -0 spent)
Storage: 86 Copper Ore, 18 Potato
Plots (9): empty 100%
Player: 0 clicks
Mine: dug 0 cells, shaft to row 5, 3 tunnel ends, 1 of 3 deposits found
Dwarves:
  Tovni (Miner): no food 100% | food 0%, thirsty 50%
  Kilra (Farmer): idle 100% | food 45%, thirsty 50%
  Bomdis (Miner): no food 100% | food 0%, thirsty 50%
  Urin (Miner): no food 100% | food 0%, thirsty 50%

-- 0:32:00, minute 32 (12:08:53) --
Coins 41 (+0 earned, -0 spent)
Storage: 86 Copper Ore, 18 Potato
Plots (9): empty 100%
Player: 0 clicks
Mine: dug 0 cells, shaft to row 5, 3 tunnel ends, 1 of 3 deposits found
Dwarves:
  Tovni (Miner): no food 100% | food 0%, thirsty 50%
  Kilra (Farmer): idle 100% | food 45%, thirsty 50%
  Bomdis (Miner): no food 100% | food 0%, thirsty 50%
  Urin (Miner): no food 100% | food 0%, thirsty 50%

-- 0:33:00, minute 33 (12:09:53) --
Coins 41 (+0 earned, -0 spent)
Storage: 86 Copper Ore, 18 Potato
Plots (9): empty 100%
Player: 0 clicks
Mine: dug 0 cells, shaft to row 5, 3 tunnel ends, 1 of 3 deposits found
Dwarves:
  Tovni (Miner): no food 100% | food 0%, thirsty 50%
  Kilra (Farmer): idle 100% | food 45%, thirsty 50%
  Bomdis (Miner): no food 100% | food 0%, thirsty 50%
  Urin (Miner): no food 100% | food 0%, thirsty 50%

-- 0:34:00, minute 34 (12:10:53) --
Coins 41 (+0 earned, -0 spent)
Storage: 86 Copper Ore, 18 Potato
Plots (9): empty 100%
Player: 0 clicks
Mine: dug 0 cells, shaft to row 5, 3 tunnel ends, 1 of 3 deposits found
Dwarves:
  Tovni (Miner): no food 100% | food 0%, thirsty 50%
  Kilra (Farmer): idle 100% | food 45%, thirsty 50%
  Bomdis (Miner): no food 100% | food 0%, thirsty 50%
  Urin (Miner): no food 100% | food 0%, thirsty 50%

-- 0:35:00, minute 35 (12:11:53) --
Coins 41 (+0 earned, -0 spent)
Storage: 86 Copper Ore, 18 Potato
Plots (9): empty 100%
Player: 0 clicks
Mine: dug 0 cells, shaft to row 5, 3 tunnel ends, 1 of 3 deposits found
Dwarves:
  Tovni (Miner): no food 100% | food 0%, thirsty 50%
  Kilra (Farmer): idle 100% | food 45%, thirsty 50%
  Bomdis (Miner): no food 100% | food 0%, thirsty 50%
  Urin (Miner): no food 100% | food 0%, thirsty 50%

== Totals so far, 0:35:00 ==
Coins 41: 0 earned, 9 spent
Harvested 18, meals made 0, drinks made 0, ore mined 86
Plots: growing 4%, dry 3%, ripe 0%, empty 93%
Player clicks: 9
Mine: dug 433 cells, shaft to row 5, 1 of 3 deposits found
Eaten and drunk: 10 Grog, 10 Gruel
Dwarves:
  Tovni: work 36%, haul 3%, walk 17%, climb 3%, eat 1%, wait 0%, idle 1%, no food 38%; 3 meals, one every 0:05:18
    idle: No job 0:00:22
  Kilra: work 5%, haul 1%, walk 2%, wait 1%, idle 91%; no meals
    idle: No job 0:00:11, Nothing sown 0:31:45
  Bomdis: work 35%, haul 2%, walk 20%, climb 3%, eat 1%, wait 0%, idle 1%, no food 39%; 3 meals, one every 0:05:17
    idle: No job 0:00:19
  Urin: work 44%, haul 4%, walk 20%, climb 4%, eat 1%, wait 1%, idle 1%, no food 25%; 4 meals, one every 0:05:26
    idle: No job 0:00:17

-- 0:36:00, minute 36 (12:12:53) --
Coins 41 (+0 earned, -0 spent)
Storage: 86 Copper Ore, 18 Potato
Plots (9): empty 100%
Player: 0 clicks
Mine: dug 0 cells, shaft to row 5, 3 tunnel ends, 1 of 3 deposits found
Dwarves:
  Tovni (Miner): no food 100% | food 0%, thirsty 50%
  Kilra (Farmer): idle 100% | food 45%, thirsty 50%
  Bomdis (Miner): no food 100% | food 0%, thirsty 50%
  Urin (Miner): no food 100% | food 0%, thirsty 50%

-- 0:37:00, minute 37 (12:13:53) --
Coins 41 (+0 earned, -0 spent)
Storage: 86 Copper Ore, 18 Potato
Plots (9): empty 100%
Player: 0 clicks
Mine: dug 0 cells, shaft to row 5, 3 tunnel ends, 1 of 3 deposits found
Dwarves:
  Tovni (Miner): no food 100% | food 0%, thirsty 50%
  Kilra (Farmer): idle 100% | food 45%, thirsty 50%
  Bomdis (Miner): no food 100% | food 0%, thirsty 50%
  Urin (Miner): no food 100% | food 0%, thirsty 50%

-- 0:38:00, minute 38 (12:14:53) --
Coins 41 (+0 earned, -0 spent)
Storage: 86 Copper Ore, 18 Potato
Plots (9): empty 100%
Player: 0 clicks
Mine: dug 0 cells, shaft to row 5, 3 tunnel ends, 1 of 3 deposits found
Dwarves:
  Tovni (Miner): no food 100% | food 0%, thirsty 50%
  Kilra (Farmer): idle 100% | food 45%, thirsty 50%
  Bomdis (Miner): no food 100% | food 0%, thirsty 50%
  Urin (Miner): no food 100% | food 0%, thirsty 50%

-- 0:39:00, minute 39 (12:15:53) --
Coins 41 (+0 earned, -0 spent)
Storage: 86 Copper Ore, 18 Potato
Plots (9): empty 100%
Player: 0 clicks
Mine: dug 0 cells, shaft to row 5, 3 tunnel ends, 1 of 3 deposits found
Dwarves:
  Tovni (Miner): no food 100% | food 0%, thirsty 50%
  Kilra (Farmer): idle 100% | food 45%, thirsty 50%
  Bomdis (Miner): no food 100% | food 0%, thirsty 50%
  Urin (Miner): no food 100% | food 0%, thirsty 50%

-- 0:40:00, minute 40 (12:16:53) --
Coins 41 (+0 earned, -0 spent)
Storage: 86 Copper Ore, 18 Potato
Plots (9): empty 100%
Player: 0 clicks
Mine: dug 0 cells, shaft to row 5, 3 tunnel ends, 1 of 3 deposits found
Dwarves:
  Tovni (Miner): no food 100% | food 0%, thirsty 50%
  Kilra (Farmer): idle 100% | food 45%, thirsty 50%
  Bomdis (Miner): no food 100% | food 0%, thirsty 50%
  Urin (Miner): no food 100% | food 0%, thirsty 50%

== Totals so far, 0:40:00 ==
Coins 41: 0 earned, 9 spent
Harvested 18, meals made 0, drinks made 0, ore mined 86
Plots: growing 4%, dry 2%, ripe 0%, empty 94%
Player clicks: 9
Mine: dug 433 cells, shaft to row 5, 1 of 3 deposits found
Eaten and drunk: 10 Grog, 10 Gruel
Dwarves:
  Tovni: work 32%, haul 3%, walk 15%, climb 3%, eat 1%, wait 0%, idle 1%, no food 46%; 3 meals, one every 0:05:18
    idle: No job 0:00:22
  Kilra: work 4%, haul 1%, walk 2%, wait 1%, idle 92%; no meals
    idle: No job 0:00:11, Nothing sown 0:36:45
  Bomdis: work 31%, haul 1%, walk 17%, climb 3%, eat 1%, wait 0%, idle 1%, no food 46%; 3 meals, one every 0:05:17
    idle: No job 0:00:19
  Urin: work 39%, haul 4%, walk 18%, climb 3%, eat 1%, wait 1%, idle 1%, no food 35%; 4 meals, one every 0:05:26
    idle: No job 0:00:17

-- 0:41:00, minute 41 (12:17:53) --
Coins 41 (+0 earned, -0 spent)
Storage: 86 Copper Ore, 18 Potato
Plots (9): empty 100%
Player: 0 clicks
Mine: dug 0 cells, shaft to row 5, 3 tunnel ends, 1 of 3 deposits found
Dwarves:
  Tovni (Miner): no food 100% | food 0%, thirsty 50%
  Kilra (Farmer): idle 100% | food 45%, thirsty 50%
  Bomdis (Miner): no food 100% | food 0%, thirsty 50%
  Urin (Miner): no food 100% | food 0%, thirsty 50%

-- 0:42:00, minute 42 (12:18:53) --
Coins 41 (+0 earned, -0 spent)
Storage: 86 Copper Ore, 18 Potato
Plots (9): empty 100%
Player: 0 clicks
Mine: dug 0 cells, shaft to row 5, 3 tunnel ends, 1 of 3 deposits found
Dwarves:
  Tovni (Miner): no food 100% | food 0%, thirsty 50%
  Kilra (Farmer): idle 100% | food 45%, thirsty 50%
  Bomdis (Miner): no food 100% | food 0%, thirsty 50%
  Urin (Miner): no food 100% | food 0%, thirsty 50%

-- 0:43:00, minute 43 (12:19:53) --
Coins 41 (+0 earned, -0 spent)
Storage: 86 Copper Ore, 18 Potato
Plots (9): empty 100%
Player: 0 clicks
Mine: dug 0 cells, shaft to row 5, 3 tunnel ends, 1 of 3 deposits found
Dwarves:
  Tovni (Miner): no food 100% | food 0%, thirsty 50%
  Kilra (Farmer): idle 100% | food 45%, thirsty 50%
  Bomdis (Miner): no food 100% | food 0%, thirsty 50%
  Urin (Miner): no food 100% | food 0%, thirsty 50%

== End of game, 0:43:33 ==
Coins 41: 0 earned, 9 spent
Harvested 18, meals made 0, drinks made 0, ore mined 86
Plots: growing 3%, dry 2%, ripe 0%, empty 94%
Player clicks: 9
Mine: dug 433 cells, shaft to row 5, 1 of 3 deposits found
Eaten and drunk: 10 Grog, 10 Gruel
Dwarves:
  Tovni: work 29%, haul 3%, walk 14%, climb 3%, eat 0%, wait 0%, idle 1%, no food 50%; 3 meals, one every 0:05:18
    idle: No job 0:00:22
  Kilra: work 4%, haul 1%, walk 2%, wait 1%, idle 93%; no meals
    idle: No job 0:00:11, Nothing sown 0:40:19
  Bomdis: work 28%, haul 1%, walk 16%, climb 2%, eat 0%, wait 0%, idle 1%, no food 51%; 3 meals, one every 0:05:17
    idle: No job 0:00:19
  Urin: work 36%, haul 3%, walk 16%, climb 3%, eat 1%, wait 0%, idle 1%, no food 40%; 4 meals, one every 0:05:26
    idle: No job 0:00:17
